Component: ARM Compiler 6.16 Tool: armlink [5dfeaa00]

==============================================================================

Loading Objects.

Loading object BUILD/NUCLEO_F429ZI/ARMC6/libuopmsb/EnvSensor/BMP280_SPI/BMP280_SPI.o.
              definition:  BMP280_SPI::initialize()
              definition:  BMP280_SPI::getPressure()
              definition:  BMP280_SPI::getTemperature()
              definition:  BMP280_SPI::BMP280_SPI(PinName, PinName, PinName, PinName)
              definition:  BMP280_SPI::BMP280_SPI__sub_object(PinName, PinName, PinName, PinName)
              definition:  BMP280_SPI::~BMP280_SPI__deallocating()
              definition:  BMP280_SPI::~BMP280_SPI()
              definition:  BMP280_SPI::~BMP280_SPI__sub_object()
              weak defn :  mbed::DigitalOut::write(int)
              weak defn :  mbed::DigitalOut::DigitalOut__sub_object(PinName)
              weak defn :  mbed::DigitalOut::operator=(int)
              reference :  mbed::SPI::write(int)
              reference :  mbed::SPI::format(int, int)
              reference :  mbed::SPI::frequency(int)
              reference :  mbed::SPI::SPI(PinName, PinName, PinName, PinName)
              reference :  mbed::SPI::~SPI()
              definition:  vtable for BMP280_SPI
              reference :  operator delete(void*)
              reference :  __aeabi_ldivmod
              weak defn :  _wait_us_inline
              reference :  _wait_us_ticks
              reference :  gpio_init_out
Loading object BUILD/NUCLEO_F429ZI/ARMC6/libuopmsb/EnvSensor/SPL06-001/SPL06-001.o.
              definition:  SPL06_001_SPI::initialize()
              definition:  SPL06_001_SPI::getPressure()
              definition:  SPL06_001_SPI::getTemperature()
              definition:  SPL06_001_SPI::SPL06_001_SPI(PinName, PinName, PinName, PinName)
              definition:  SPL06_001_SPI::SPL06_001_SPI__sub_object(PinName, PinName, PinName, PinName)
              definition:  SPL06_001_SPI::~SPL06_001_SPI__deallocating()
              definition:  SPL06_001_SPI::~SPL06_001_SPI()
              definition:  SPL06_001_SPI::~SPL06_001_SPI__sub_object()
              weak defn :  mbed::DigitalOut::DigitalOut__sub_object(PinName, int)
              reference :  mbed::SPI::write(int)
              reference :  mbed::SPI::format(int, int)
              reference :  mbed::SPI::frequency(int)
              reference :  mbed::SPI::SPI(PinName, PinName, PinName, PinName)
              reference :  mbed::SPI::~SPI()
              definition:  vtable for SPL06_001_SPI
              reference :  operator delete(void*)
              reference :  _wait_us_ticks
              reference :  gpio_init_out_ex
              reference :  mbed::DigitalOut::operator=(int)
              reference :  _wait_us_inline
Loading object BUILD/NUCLEO_F429ZI/ARMC6/libuopmsb/TextLCD/TextLCD.o.
              weak defn :  mbed::FileHandle::enable_input(bool)
              weak defn :  mbed::FileHandle::set_blocking(bool)
              weak defn :  mbed::FileHandle::enable_output(bool)
              weak defn :  mbed::FileHandle::sigio(mbed::Callback<void ()>)
              weak defn :  mbed::FileHandle::truncate(long)
              reference :  mbed::BusOut::BusOut(PinName, PinName, PinName, PinName, PinName, PinName, PinName, PinName, PinName, PinName, PinName, PinName, PinName, PinName, PinName, PinName)
              reference :  mbed::BusOut::~BusOut()
              reference :  mbed::BusOut::operator=(int)
              weak defn :  mbed::Stream::lock()
              reference :  mbed::Stream::read(void*, unsigned int)
              reference :  mbed::Stream::seek(long, int)
              reference :  mbed::Stream::size()
              reference :  mbed::Stream::sync()
              reference :  mbed::Stream::tell()
              reference :  mbed::Stream::close()
              reference :  mbed::Stream::write(void const*, unsigned int)
              reference :  mbed::Stream::isatty()
              reference :  mbed::Stream::rewind()
              weak defn :  mbed::Stream::unlock()
              reference :  mbed::Stream::Stream__sub_object(char const*)
              reference :  mbed::Stream::~Stream__sub_object()
              definition:  TextLCD::writeCommand(int)
              definition:  TextLCD::cls()
              definition:  TextLCD::rows()
              definition:  TextLCD::_getc()
              definition:  TextLCD::_putc(int)
              definition:  TextLCD::locate(int, int)
              definition:  TextLCD::address(int, int)
              definition:  TextLCD::columns()
              definition:  TextLCD::character(int, int, int)
              definition:  TextLCD::writeByte(int)
              definition:  TextLCD::writeData(int)
              definition:  TextLCD::TextLCD(PinName, PinName, PinName, PinName, PinName, PinName, TextLCD::LCDType)
[...]
              reference :  __scatterload_null
              reference :  __scatterload_rt2
Choosing data area compressor
Data area too small to benefit from compression.
Selecting member __scatter_copy.o(c:\Users\Ziya\AppData\Local\Mbed Studio\mbed-studio-tools\ac6\bin\..\lib\armlib\c_w.l) to define __scatterload_copy.
Selecting member __scatter_zi.o(c:\Users\Ziya\AppData\Local\Mbed Studio\mbed-studio-tools\ac6\bin\..\lib\armlib\c_w.l) to define __scatterload_zeroinit.
Selecting member __scatter.o(c:\Users\Ziya\AppData\Local\Mbed Studio\mbed-studio-tools\ac6\bin\..\lib\armlib\c_w.l) to define __scatterload_null.
Selecting member __scatter.o(c:\Users\Ziya\AppData\Local\Mbed Studio\mbed-studio-tools\ac6\bin\..\lib\armlib\c_w.l) to define __scatterload_rt2.
Loading member c:\Users\Ziya\AppData\Local\Mbed Studio\mbed-studio-tools\ac6\bin\..\lib\armlib\c_w.l(__scatter.o) from c:\Users\Ziya\AppData\Local\Mbed Studio\mbed-studio-tools\ac6\bin\..\lib\armlib\c_w.l.
              definition:  __scatterload
              definition:  __scatterload_rt2
              definition:  __scatterload_rt2_thumb_only
              definition:  __scatterload_null
              reference :  Region$$Table$$Base
              reference :  Region$$Table$$Limit
              reference :  __rt_entry
Loading member c:\Users\Ziya\AppData\Local\Mbed Studio\mbed-studio-tools\ac6\bin\..\lib\armlib\c_w.l(__scatter_copy.o) from c:\Users\Ziya\AppData\Local\Mbed Studio\mbed-studio-tools\ac6\bin\..\lib\armlib\c_w.l.
              definition:  __scatterload_copy
Loading member c:\Users\Ziya\AppData\Local\Mbed Studio\mbed-studio-tools\ac6\bin\..\lib\armlib\c_w.l(__scatter_zi.o) from c:\Users\Ziya\AppData\Local\Mbed Studio\mbed-studio-tools\ac6\bin\..\lib\armlib\c_w.l.
              definition:  __scatterload_zeroinit
Resolving $Sub$$ and $Super$$ Symbols.
Patching/Reducing relocations
Creating output file BUILD/NUCLEO_F429ZI/ARMC6/Task-102-SOS-Soln.elf.

==============================================================================

Memory Map of the image

  Image Entry point : 0x080001ad

  Load Region LR_IROM1 (Base: 0x08000000, Size: 0x000083c4, Max: 0x00200000, ABSOLUTE)

    Execution Region ER_IROM1 (Base: 0x08000000, Size: 0x0000836c, Max: 0x00200000, ABSOLUTE)

    Base Addr    Size         Type   Attr      Idx    E Section Name        Object

    0x08000000   0x000001ac   Data   RO         7998    RESET               BUILD/NUCLEO_F429ZI/ARMC6/mbed-os/targets/TARGET_STM/TARGET_STM32F4/TARGET_STM32F429xI/TOOLCHAIN_ARM/startup_stm32f429xx.o
    0x080001ac   0x00000008   Code   RO         9297  * !!!main             c:\Users\Ziya\AppData\Local\Mbed Studio\mbed-studio-tools\ac6\bin\..\lib\armlib\c_w.l(__main.o)
    0x080001b4   0x00000034   Code   RO         9908    !!!scatter          c:\Users\Ziya\AppData\Local\Mbed Studio\mbed-studio-tools\ac6\bin\..\lib\armlib\c_w.l(__scatter.o)
    0x080001e8   0x0000001a   Code   RO         9910    !!handler_copy      c:\Users\Ziya\AppData\Local\Mbed Studio\mbed-studio-tools\ac6\bin\..\lib\armlib\c_w.l(__scatter_copy.o)
    0x08000202   0x00000002   PAD
    0x08000204   0x0000001c   Code   RO         9912    !!handler_zi        c:\Users\Ziya\AppData\Local\Mbed Studio\mbed-studio-tools\ac6\bin\..\lib\armlib\c_w.l(__scatter_zi.o)
    0x08000220   0x00000000   Code   RO         9221    .ARM.Collect$$_printf_percent$$00000000  c:\Users\Ziya\AppData\Local\Mbed Studio\mbed-studio-tools\ac6\bin\..\lib\armlib\c_w.l(_printf_percent.o)
    0x08000220   0x00000006   Code   RO         9447    .ARM.Collect$$_printf_percent$$00000001  c:\Users\Ziya\AppData\Local\Mbed Studio\mbed-studio-tools\ac6\bin\..\lib\armlib\c_w.l(_printf_n.o)
    0x08000226   0x00000006   Code   RO         9219    .ARM.Collect$$_printf_percent$$00000002  c:\Users\Ziya\AppData\Local\Mbed Studio\mbed-studio-tools\ac6\bin\..\lib\armlib\c_w.l(_printf_p.o)
    0x0800022c   0x00000006   Code   RO         9451    .ARM.Collect$$_printf_percent$$00000003  c:\Users\Ziya\AppData\Local\Mbed Studio\mbed-studio-tools\ac6\bin\..\lib\armlib\c_w.l(_printf_f.o)
    0x08000232   0x00000006   Code   RO         9452    .ARM.Collect$$_printf_percent$$00000004  c:\Users\Ziya\AppData\Local\Mbed Studio\mbed-studio-tools\ac6\bin\..\lib\armlib\c_w.l(_printf_e.o)
    0x08000238   0x00000006   Code   RO         9453    .ARM.Collect$$_printf_percent$$00000005  c:\Users\Ziya\AppData\Local\Mbed Studio\mbed-studio-tools\ac6\bin\..\lib\armlib\c_w.l(_printf_g.o)
    0x0800023e   0x00000006   Code   RO         9454    .ARM.Collect$$_printf_percent$$00000006  c:\Users\Ziya\AppData\Local\Mbed Studio\mbed-studio-tools\ac6\bin\..\lib\armlib\c_w.l(_printf_a.o)
    0x08000244   0x0000000a   Code   RO         9459    .ARM.Collect$$_printf_percent$$00000007  c:\Users\Ziya\AppData\Local\Mbed Studio\mbed-studio-tools\ac6\bin\..\lib\armlib\c_w.l(_printf_ll.o)
    0x0800024e   0x00000006   Code   RO         9449    .ARM.Collect$$_printf_percent$$00000008  c:\Users\Ziya\AppData\Local\Mbed Studio\mbed-studio-tools\ac6\bin\..\lib\armlib\c_w.l(_printf_i.o)
    0x08000254   0x00000006   Code   RO         9450    .ARM.Collect$$_printf_percent$$00000009  c:\Users\Ziya\AppData\Local\Mbed Studio\mbed-studio-tools\ac6\bin\..\lib\armlib\c_w.l(_printf_d.o)
    0x0800025a   0x00000006   Code   RO         9220    .ARM.Collect$$_printf_percent$$0000000A  c:\Users\Ziya\AppData\Local\Mbed Studio\mbed-studio-tools\ac6\bin\..\lib\armlib\c_w.l(_printf_u.o)
    0x08000260   0x00000006   Code   RO         9448    .ARM.Collect$$_printf_percent$$0000000B  c:\Users\Ziya\AppData\Local\Mbed Studio\mbed-studio-tools\ac6\bin\..\lib\armlib\c_w.l(_printf_o.o)
    0x08000266   0x00000006   Code   RO         9218    .ARM.Collect$$_printf_percent$$0000000C  c:\Users\Ziya\AppData\Local\Mbed Studio\mbed-studio-tools\ac6\bin\..\lib\armlib\c_w.l(_printf_x.o)
    0x0800026c   0x00000006   Code   RO         9456    .ARM.Collect$$_printf_percent$$0000000D  c:\Users\Ziya\AppData\Local\Mbed Studio\mbed-studio-tools\ac6\bin\..\lib\armlib\c_w.l(_printf_lli.o)
    0x08000272   0x00000006   Code   RO         9457    .ARM.Collect$$_printf_percent$$0000000E  c:\Users\Ziya\AppData\Local\Mbed Studio\mbed-studio-tools\ac6\bin\..\lib\armlib\c_w.l(_printf_lld.o)
    0x08000278   0x00000006   Code   RO         9458    .ARM.Collect$$_printf_percent$$0000000F  c:\Users\Ziya\AppData\Local\Mbed Studio\mbed-studio-tools\ac6\bin\..\lib\armlib\c_w.l(_printf_llu.o)
    0x0800027e   0x00000006   Code   RO         9463    .ARM.Collect$$_printf_percent$$00000010  c:\Users\Ziya\AppData\Local\Mbed Studio\mbed-studio-tools\ac6\bin\..\lib\armlib\c_w.l(_printf_llo.o)
    0x08000284   0x00000006   Code   RO         9464    .ARM.Collect$$_printf_percent$$00000011  c:\Users\Ziya\AppData\Local\Mbed Studio\mbed-studio-tools\ac6\bin\..\lib\armlib\c_w.l(_printf_llx.o)
    0x0800028a   0x0000000a   Code   RO         9460    .ARM.Collect$$_printf_percent$$00000012  c:\Users\Ziya\AppData\Local\Mbed Studio\mbed-studio-tools\ac6\bin\..\lib\armlib\c_w.l(_printf_l.o)
    0x08000294   0x00000006   Code   RO         9446    .ARM.Collect$$_printf_percent$$00000013  c:\Users\Ziya\AppData\Local\Mbed Studio\mbed-studio-tools\ac6\bin\..\lib\armlib\c_w.l(_printf_c.o)
    0x0800029a   0x00000006   Code   RO         9217    .ARM.Collect$$_printf_percent$$00000014  c:\Users\Ziya\AppData\Local\Mbed Studio\mbed-studio-tools\ac6\bin\..\lib\armlib\c_w.l(_printf_s.o)
    0x080002a0   0x00000006   Code   RO         9461    .ARM.Collect$$_printf_percent$$00000015  c:\Users\Ziya\AppData\Local\Mbed Studio\mbed-studio-tools\ac6\bin\..\lib\armlib\c_w.l(_printf_lc.o)
    0x080002a6   0x00000006   Code   RO         9462    .ARM.Collect$$_printf_percent$$00000016  c:\Users\Ziya\AppData\Local\Mbed Studio\mbed-studio-tools\ac6\bin\..\lib\armlib\c_w.l(_printf_ls.o)
    0x080002ac   0x00000004   Code   RO         9455    .ARM.Collect$$_printf_percent$$00000017  c:\Users\Ziya\AppData\Local\Mbed Studio\mbed-studio-tools\ac6\bin\..\lib\armlib\c_w.l(_printf_percent_end.o)
    0x080002b0   0x00000002   Code   RO         9296    .ARM.Collect$$libinit$$00000000  c:\Users\Ziya\AppData\Local\Mbed Studio\mbed-studio-tools\ac6\bin\..\lib\armlib\c_w.l(libinit.o)
    0x080002b2   0x00000004   Code   RO         9506    .ARM.Collect$$libinit$$00000001  c:\Users\Ziya\AppData\Local\Mbed Studio\mbed-studio-tools\ac6\bin\..\lib\armlib\c_w.l(libinit2.o)
    0x080002b6   0x00000000   Code   RO         9509    .ARM.Collect$$libinit$$00000004  c:\Users\Ziya\AppData\Local\Mbed Studio\mbed-studio-tools\ac6\bin\..\lib\armlib\c_w.l(libinit2.o)
    0x080002b6   0x00000008   Code   RO         9510    .ARM.Collect$$libinit$$00000005  c:\Users\Ziya\AppData\Local\Mbed Studio\mbed-studio-tools\ac6\bin\..\lib\armlib\c_w.l(libinit2.o)
    0x080002be   0x00000000   Code   RO         9512    .ARM.Collect$$libinit$$0000000A  c:\Users\Ziya\AppData\Local\Mbed Studio\mbed-studio-tools\ac6\bin\..\lib\armlib\c_w.l(libinit2.o)
    0x080002be   0x00000000   Code   RO         9514    .ARM.Collect$$libinit$$0000000C  c:\Users\Ziya\AppData\Local\Mbed Studio\mbed-studio-tools\ac6\bin\..\lib\armlib\c_w.l(libinit2.o)
    0x080002be   0x00000000   Code   RO         9516    .ARM.Collect$$libinit$$0000000E  c:\Users\Ziya\AppData\Local\Mbed Studio\mbed-studio-tools\ac6\bin\..\lib\armlib\c_w.l(libinit2.o)
    0x080002be   0x00000006   Code   RO         9517    .ARM.Collect$$libinit$$0000000F  c:\Users\Ziya\AppData\Local\Mbed Studio\mbed-studio-tools\ac6\bin\..\lib\armlib\c_w.l(libinit2.o)
    0x080002c4   0x00000000   Code   RO         9519    .ARM.Collect$$libinit$$00000011  c:\Users\Ziya\AppData\Local\Mbed Studio\mbed-studio-tools\ac6\bin\..\lib\armlib\c_w.l(libinit2.o)
    0x080002c4   0x0000000c   Code   RO         9520    .ARM.Collect$$libinit$$00000012  c:\Users\Ziya\AppData\Local\Mbed Studio\mbed-studio-tools\ac6\bin\..\lib\armlib\c_w.l(libinit2.o)
    0x080002d0   0x00000000   Code   RO         9521    .ARM.Collect$$libinit$$00000013  c:\Users\Ziya\AppData\Local\Mbed Studio\mbed-studio-tools\ac6\bin\..\lib\armlib\c_w.l(libinit2.o)
    0x080002d0   0x00000000   Code   RO         9523    .ARM.Collect$$libinit$$00000015  c:\Users\Ziya\AppData\Local\Mbed Studio\mbed-studio-tools\ac6\bin\..\lib\armlib\c_w.l(libinit2.o)
    0x080002d0   0x0000000a   Code   RO         9524    .ARM.Collect$$libinit$$00000016  c:\Users\Ziya\AppData\Local\Mbed Studio\mbed-studio-tools\ac6\bin\..\lib\armlib\c_w.l(libinit2.o)
    0x080002da   0x00000000   Code   RO         9525    .ARM.Collect$$libinit$$00000017  c:\Users\Ziya\AppData\Local\Mbed Studio\mbed-studio-tools\ac6\bin\..\lib\armlib\c_w.l(libinit2.o)
    0x080002da   0x00000000   Code   RO         9527    .ARM.Collect$$libinit$$00000019  c:\Users\Ziya\AppData\Local\Mbed Studio\mbed-studio-tools\ac6\bin\..\lib\armlib\c_w.l(libinit2.o)
    0x080002da   0x00000000   Code   RO         9529    .ARM.Collect$$libinit$$0000001B  c:\Users\Ziya\AppData\Local\Mbed Studio\mbed-studio-tools\ac6\bin\..\lib\armlib\c_w.l(libinit2.o)
    0x080002da   0x00000000   Code   RO         9531    .ARM.Collect$$libinit$$0000001D  c:\Users\Ziya\AppData\Local\Mbed Studio\mbed-studio-tools\ac6\bin\..\lib\armlib\c_w.l(libinit2.o)
    0x080002da   0x00000000   Code   RO         9533    .ARM.Collect$$libinit$$0000001F  c:\Users\Ziya\AppData\Local\Mbed Studio\mbed-studio-tools\ac6\bin\..\lib\armlib\c_w.l(libinit2.o)
    0x080002da   0x00000000   Code   RO         9535    .ARM.Collect$$libinit$$00000021  c:\Users\Ziya\AppData\Local\Mbed Studio\mbed-studio-tools\ac6\bin\..\lib\armlib\c_w.l(libinit2.o)
    0x080002da   0x00000000   Code   RO         9537    .ARM.Collect$$libinit$$00000023  c:\Users\Ziya\AppData\Local\Mbed Studio\mbed-studio-tools\ac6\bin\..\lib\armlib\c_w.l(libinit2.o)
    0x080002da   0x00000004   Code   RO         9538    .ARM.Collect$$libinit$$00000024  c:\Users\Ziya\AppData\Local\Mbed Studio\mbed-studio-tools\ac6\bin\..\lib\armlib\c_w.l(libinit2.o)
    0x080002de   0x00000000   Code   RO         9539    .ARM.Collect$$libinit$$00000025  c:\Users\Ziya\AppData\Local\Mbed Studio\mbed-studio-tools\ac6\bin\..\lib\armlib\c_w.l(libinit2.o)
    0x080002de   0x00000000   Code   RO         9543    .ARM.Collect$$libinit$$0000002C  c:\Users\Ziya\AppData\Local\Mbed Studio\mbed-studio-tools\ac6\bin\..\lib\armlib\c_w.l(libinit2.o)
    0x080002de   0x00000000   Code   RO         9545    .ARM.Collect$$libinit$$0000002E  c:\Users\Ziya\AppData\Local\Mbed Studio\mbed-studio-tools\ac6\bin\..\lib\armlib\c_w.l(libinit2.o)
    0x080002de   0x00000000   Code   RO         9547    .ARM.Collect$$libinit$$00000030  c:\Users\Ziya\AppData\Local\Mbed Studio\mbed-studio-tools\ac6\bin\..\lib\armlib\c_w.l(libinit2.o)
    0x080002de   0x00000004   Code   RO         9548    .ARM.Collect$$libinit$$00000031  c:\Users\Ziya\AppData\Local\Mbed Studio\mbed-studio-tools\ac6\bin\..\lib\armlib\c_w.l(libinit2.o)
    0x080002e2   0x00000000   Code   RO         9549    .ARM.Collect$$libinit$$00000032  c:\Users\Ziya\AppData\Local\Mbed Studio\mbed-studio-tools\ac6\bin\..\lib\armlib\c_w.l(libinit2.o)
    0x080002e2   0x00000002   Code   RO         9550    .ARM.Collect$$libinit$$00000033  c:\Users\Ziya\AppData\Local\Mbed Studio\mbed-studio-tools\ac6\bin\..\lib\armlib\c_w.l(libinit2.o)
    0x080002e4   0x00000000   Code   RO         9710    .ARM.Collect$$libshutdown$$00000004  c:\Users\Ziya\AppData\Local\Mbed Studio\mbed-studio-tools\ac6\bin\..\lib\armlib\c_w.l(libshutdown2.o)
    0x080002e4   0x00000000   Code   RO         9387    .ARM.Collect$$rtentry$$00000000  c:\Users\Ziya\AppData\Local\Mbed Studio\mbed-studio-tools\ac6\bin\..\lib\armlib\c_w.l(__rtentry.o)
    0x080002e4   0x00000000   Code   RO         9604    .ARM.Collect$$rtentry$$00000002  c:\Users\Ziya\AppData\Local\Mbed Studio\mbed-studio-tools\ac6\bin\..\lib\armlib\c_w.l(__rtentry2.o)
    0x080002e4   0x00000004   Code   RO         9618    .ARM.Collect$$rtentry$$00000007  c:\Users\Ziya\AppData\Local\Mbed Studio\mbed-studio-tools\ac6\bin\..\lib\armlib\c_w.l(__rtentry7.o)
    0x080002e8   0x00000008   Code   RO         9605    .ARM.Collect$$rtentry$$00000008  c:\Users\Ziya\AppData\Local\Mbed Studio\mbed-studio-tools\ac6\bin\..\lib\armlib\c_w.l(__rtentry2.o)
    0x080002f0   0x00000004   Code   RO         9607    .ARM.Collect$$rtentry$$0000000A  c:\Users\Ziya\AppData\Local\Mbed Studio\mbed-studio-tools\ac6\bin\..\lib\armlib\c_w.l(__rtentry2.o)
    0x080002f4   0x00000000   Code   RO         9609    .ARM.Collect$$rtentry$$0000000C  c:\Users\Ziya\AppData\Local\Mbed Studio\mbed-studio-tools\ac6\bin\..\lib\armlib\c_w.l(__rtentry2.o)
    0x080002f4   0x00000008   Code   RO         9610    .ARM.Collect$$rtentry$$0000000D  c:\Users\Ziya\AppData\Local\Mbed Studio\mbed-studio-tools\ac6\bin\..\lib\armlib\c_w.l(__rtentry2.o)
    0x080002fc   0x00000004   Code   RO         9619    .ARM.Collect$$rtentry$$00002718  c:\Users\Ziya\AppData\Local\Mbed Studio\mbed-studio-tools\ac6\bin\..\lib\armlib\c_w.l(__rtentry7.o)
    0x08000300   0x0000005c   Code   RO         2357    .text               BUILD/NUCLEO_F429ZI/ARMC6/mbed-os/platform/source/TARGET_CORTEX_M/TOOLCHAIN_ARM/except.o
    0x0800035c   0x00000024   Code   RO         7999    .text               BUILD/NUCLEO_F429ZI/ARMC6/mbed-os/targets/TARGET_STM/TARGET_STM32F4/TARGET_STM32F429xI/TOOLCHAIN_ARM/startup_stm32f429xx.o
    0x08000380   0x00000002   Code   RO         9077    .text               c:\Users\Ziya\AppData\Local\Mbed Studio\mbed-studio-tools\ac6\bin\..\lib\armlib\c_w.l(use_no_semi_2.o)
    0x08000382   0x00000002   PAD
    0x08000384   0x00000008   Code   RO         9079    .text               c:\Users\Ziya\AppData\Local\Mbed Studio\mbed-studio-tools\ac6\bin\..\lib\armlib\c_w.l(rt_errno_addr.o)
    0x0800038c   0x0000005e   Code   RO         9088    .text               c:\Users\Ziya\AppData\Local\Mbed Studio\mbed-studio-tools\ac6\bin\..\lib\armlib\c_w.l(h1_alloc.o)
    0x080003ea   0x0000004e   Code   RO         9090    .text               c:\Users\Ziya\AppData\Local\Mbed Studio\mbed-studio-tools\ac6\bin\..\lib\armlib\c_w.l(h1_free.o)
    0x08000438   0x000000f0   Code   RO         9146    .text               c:\Users\Ziya\AppData\Local\Mbed Studio\mbed-studio-tools\ac6\bin\..\lib\armlib\c_w.l(lludivv7m.o)
    0x08000528   0x00000034   Code   RO         9154    .text               c:\Users\Ziya\AppData\Local\Mbed Studio\mbed-studio-tools\ac6\bin\..\lib\armlib\c_w.l(vsnprintf.o)
    0x0800055c   0x0000000a   Code   RO         9158    .text               c:\Users\Ziya\AppData\Local\Mbed Studio\mbed-studio-tools\ac6\bin\..\lib\armlib\c_w.l(__2vfprintf.o)
    0x08000566   0x0000004e   Code   RO         9170    .text               c:\Users\Ziya\AppData\Local\Mbed Studio\mbed-studio-tools\ac6\bin\..\lib\armlib\c_w.l(_printf_pad.o)
    0x080005b4   0x00000052   Code   RO         9172    .text               c:\Users\Ziya\AppData\Local\Mbed Studio\mbed-studio-tools\ac6\bin\..\lib\armlib\c_w.l(_printf_str.o)
    0x08000606   0x00000002   PAD
    0x08000608   0x00000078   Code   RO         9174    .text               c:\Users\Ziya\AppData\Local\Mbed Studio\mbed-studio-tools\ac6\bin\..\lib\armlib\c_w.l(_printf_dec.o)
    0x08000680   0x00000094   Code   RO         9194    .text               c:\Users\Ziya\AppData\Local\Mbed Studio\mbed-studio-tools\ac6\bin\..\lib\armlib\c_w.l(_printf_hex_int_ll_ptr.o)
    0x08000714   0x00000188   Code   RO         9214    .text               c:\Users\Ziya\AppData\Local\Mbed Studio\mbed-studio-tools\ac6\bin\..\lib\armlib\c_w.l(__printf_flags_ss_wp.o)
    0x0800089c   0x00000064   Code   RO         9230    .text               c:\Users\Ziya\AppData\Local\Mbed Studio\mbed-studio-tools\ac6\bin\..\lib\armlib\c_w.l(fflush.o)
    0x08000900   0x000000f8   Code   RO         9244    .text               c:\Users\Ziya\AppData\Local\Mbed Studio\mbed-studio-tools\ac6\bin\..\lib\armlib\c_w.l(fseek.o)
    0x080009f8   0x000000f0   Code   RO         9248    .text               c:\Users\Ziya\AppData\Local\Mbed Studio\mbed-studio-tools\ac6\bin\..\lib\armlib\c_w.l(fopen.o)
    0x08000ae8   0x0000004c   Code   RO         9258    .text               c:\Users\Ziya\AppData\Local\Mbed Studio\mbed-studio-tools\ac6\bin\..\lib\armlib\c_w.l(fclose.o)
    0x08000b34   0x0000001c   Code   RO         9272    .text               c:\Users\Ziya\AppData\Local\Mbed Studio\mbed-studio-tools\ac6\bin\..\lib\armlib\c_w.l(strspn.o)
    0x08000b50   0x00000058   Code   RO         9276    .text               c:\Users\Ziya\AppData\Local\Mbed Studio\mbed-studio-tools\ac6\bin\..\lib\armlib\c_w.l(memcmp.o)
    0x08000ba8   0x0000003e   Code   RO         9278    .text               c:\Users\Ziya\AppData\Local\Mbed Studio\mbed-studio-tools\ac6\bin\..\lib\armlib\c_w.l(strlen.o)
    0x08000be6   0x00000064   Code   RO         9282    .text               c:\Users\Ziya\AppData\Local\Mbed Studio\mbed-studio-tools\ac6\bin\..\lib\armlib\c_w.l(rt_memcpy_w.o)
    0x08000c4a   0x0000004e   Code   RO         9288    .text               c:\Users\Ziya\AppData\Local\Mbed Studio\mbed-studio-tools\ac6\bin\..\lib\armlib\c_w.l(rt_memclr_w.o)
    0x08000c98   0x0000007c   Code   RO         9292    .text               c:\Users\Ziya\AppData\Local\Mbed Studio\mbed-studio-tools\ac6\bin\..\lib\armlib\c_w.l(strcmpv7em.o)
    0x08000d14   0x00000006   Code   RO         9294    .text               c:\Users\Ziya\AppData\Local\Mbed Studio\mbed-studio-tools\ac6\bin\..\lib\armlib\c_w.l(heapauxi.o)
    0x08000d1a   0x00000002   PAD
    0x08000d1c   0x00000024   Code   RO         9302    .text               c:\Users\Ziya\AppData\Local\Mbed Studio\mbed-studio-tools\ac6\bin\..\lib\armlib\c_w.l(init_aeabi.o)
    0x08000d40   0x00000002   Code   RO         9383    .text               c:\Users\Ziya\AppData\Local\Mbed Studio\mbed-studio-tools\ac6\bin\..\lib\armlib\c_w.l(use_no_semi.o)
    0x08000d42   0x00000002   PAD
    0x08000d44   0x00000008   Code   RO         9392    .text               c:\Users\Ziya\AppData\Local\Mbed Studio\mbed-studio-tools\ac6\bin\..\lib\armlib\c_w.l(rt_heap_descriptor.o)
    0x08000d4c   0x00000004   Code   RO         9397    .text               c:\Users\Ziya\AppData\Local\Mbed Studio\mbed-studio-tools\ac6\bin\..\lib\armlib\c_w.l(hguard.o)
    0x08000d50   0x0000008a   Code   RO         9399    .text               c:\Users\Ziya\AppData\Local\Mbed Studio\mbed-studio-tools\ac6\bin\..\lib\armlib\c_w.l(init_alloc.o)
    0x08000dda   0x0000000e   Code   RO         9403    .text               c:\Users\Ziya\AppData\Local\Mbed Studio\mbed-studio-tools\ac6\bin\..\lib\armlib\c_w.l(h1_init.o)
    0x08000de8   0x00000024   Code   RO         9419    .text               c:\Users\Ziya\AppData\Local\Mbed Studio\mbed-studio-tools\ac6\bin\..\lib\armlib\c_w.l(_printf_truncate.o)
    0x08000e0c   0x000000b2   Code   RO         9421    .text               c:\Users\Ziya\AppData\Local\Mbed Studio\mbed-studio-tools\ac6\bin\..\lib\armlib\c_w.l(_printf_intcommon.o)
    0x08000ebe   0x00000028   Code   RO         9423    .text               c:\Users\Ziya\AppData\Local\Mbed Studio\mbed-studio-tools\ac6\bin\..\lib\armlib\c_w.l(_printf_charcount.o)
    0x08000ee6   0x00000002   PAD
    0x08000ee8   0x00000030   Code   RO         9425    .text               c:\Users\Ziya\AppData\Local\Mbed Studio\mbed-studio-tools\ac6\bin\..\lib\armlib\c_w.l(_printf_char_common.o)
    0x08000f18   0x0000000a   Code   RO         9427    .text               c:\Users\Ziya\AppData\Local\Mbed Studio\mbed-studio-tools\ac6\bin\..\lib\armlib\c_w.l(_sputc.o)
    0x08000f22   0x00000010   Code   RO         9429    .text               c:\Users\Ziya\AppData\Local\Mbed Studio\mbed-studio-tools\ac6\bin\..\lib\armlib\c_w.l(_snputc.o)
    0x08000f32   0x0000002c   Code   RO         9431    .text               c:\Users\Ziya\AppData\Local\Mbed Studio\mbed-studio-tools\ac6\bin\..\lib\armlib\c_w.l(_printf_char.o)
    0x08000f5e   0x00000002   PAD
    0x08000f60   0x00000024   Code   RO         9433    .text               c:\Users\Ziya\AppData\Local\Mbed Studio\mbed-studio-tools\ac6\bin\..\lib\armlib\c_w.l(_printf_char_file.o)
    0x08000f84   0x000000bc   Code   RO         9435    .text               c:\Users\Ziya\AppData\Local\Mbed Studio\mbed-studio-tools\ac6\bin\..\lib\armlib\c_w.l(_printf_wctomb.o)
    0x08001040   0x0000007c   Code   RO         9438    .text               c:\Users\Ziya\AppData\Local\Mbed Studio\mbed-studio-tools\ac6\bin\..\lib\armlib\c_w.l(_printf_longlong_dec.o)
    0x080010bc   0x00000070   Code   RO         9444    .text               c:\Users\Ziya\AppData\Local\Mbed Studio\mbed-studio-tools\ac6\bin\..\lib\armlib\c_w.l(_printf_oct_int_ll.o)
    0x0800112c   0x00000008   Code   RO         9481    .text               c:\Users\Ziya\AppData\Local\Mbed Studio\mbed-studio-tools\ac6\bin\..\lib\armlib\c_w.l(ferror.o)
    0x08001134   0x000001d6   Code   RO         9485    .text               c:\Users\Ziya\AppData\Local\Mbed Studio\mbed-studio-tools\ac6\bin\..\lib\armlib\c_w.l(flsbuf.o)
    0x0800130a   0x00000042   Code   RO         9487    .text               c:\Users\Ziya\AppData\Local\Mbed Studio\mbed-studio-tools\ac6\bin\..\lib\armlib\c_w.l(ftell.o)
    0x0800134c   0x00000046   Code   RO         9489    .text               c:\Users\Ziya\AppData\Local\Mbed Studio\mbed-studio-tools\ac6\bin\..\lib\armlib\c_w.l(setvbuf.o)
    0x08001392   0x00000002   PAD
    0x08001394   0x000000f0   Code   RO         9491    .text               c:\Users\Ziya\AppData\Local\Mbed Studio\mbed-studio-tools\ac6\bin\..\lib\armlib\c_w.l(stdio.o)
    0x08001484   0x00000138   Code   RO         9494    .text               c:\Users\Ziya\AppData\Local\Mbed Studio\mbed-studio-tools\ac6\bin\..\lib\armlib\c_w.l(initio.o)
    0x080015bc   0x00000016   Code   RO         9502    .text               c:\Users\Ziya\AppData\Local\Mbed Studio\mbed-studio-tools\ac6\bin\..\lib\armlib\c_w.l(abort.o)
    0x080015d2   0x00000000   Code   RO         9627    .text               c:\Users\Ziya\AppData\Local\Mbed Studio\mbed-studio-tools\ac6\bin\..\lib\armlib\c_w.l(maybetermalloc1.o)
    0x080015d2   0x00000034   Code   RO         9629    .text               c:\Users\Ziya\AppData\Local\Mbed Studio\mbed-studio-tools\ac6\bin\..\lib\armlib\c_w.l(h1_extend.o)
    0x08001606   0x0000008a   Code   RO         9633    .text               c:\Users\Ziya\AppData\Local\Mbed Studio\mbed-studio-tools\ac6\bin\..\lib\armlib\c_w.l(lludiv10.o)
    0x08001690   0x0000041c   Code   RO         9637    .text               c:\Users\Ziya\AppData\Local\Mbed Studio\mbed-studio-tools\ac6\bin\..\lib\armlib\c_w.l(_printf_fp_dec.o)
    0x08001aac   0x000002fc   Code   RO         9641    .text               c:\Users\Ziya\AppData\Local\Mbed Studio\mbed-studio-tools\ac6\bin\..\lib\armlib\c_w.l(_printf_fp_hex.o)
    0x08001da8   0x0000002c   Code   RO         9648    .text               c:\Users\Ziya\AppData\Local\Mbed Studio\mbed-studio-tools\ac6\bin\..\lib\armlib\c_w.l(_printf_wchar.o)
    0x08001dd4   0x00000048   Code   RO         9686    .text               c:\Users\Ziya\AppData\Local\Mbed Studio\mbed-studio-tools\ac6\bin\..\lib\armlib\c_w.l(_c16rtomb.o)
    0x08001e1c   0x0000000e   Code   RO         9688    .text               c:\Users\Ziya\AppData\Local\Mbed Studio\mbed-studio-tools\ac6\bin\..\lib\armlib\c_w.l(defsig_abrt_outer.o)
    0x08001e2a   0x0000000e   Code   RO         9692    .text               c:\Users\Ziya\AppData\Local\Mbed Studio\mbed-studio-tools\ac6\bin\..\lib\armlib\c_w.l(defsig_rtred_outer.o)
    0x08001e38   0x0000000e   Code   RO         9696    .text               c:\Users\Ziya\AppData\Local\Mbed Studio\mbed-studio-tools\ac6\bin\..\lib\armlib\c_w.l(defsig_rtmem_outer.o)
    0x08001e46   0x00000002   PAD
    0x08001e48   0x00000010   Code   RO         9733    .text               c:\Users\Ziya\AppData\Local\Mbed Studio\mbed-studio-tools\ac6\bin\..\lib\armlib\c_w.l(rt_ctype_table.o)
    0x08001e58   0x00000008   Code   RO         9737    .text               c:\Users\Ziya\AppData\Local\Mbed Studio\mbed-studio-tools\ac6\bin\..\lib\armlib\c_w.l(rt_locale.o)
    0x08001e60   0x00000080   Code   RO         9746    .text               c:\Users\Ziya\AppData\Local\Mbed Studio\mbed-studio-tools\ac6\bin\..\lib\armlib\c_w.l(_printf_fp_infnan.o)
    0x08001ee0   0x000000e4   Code   RO         9748    .text               c:\Users\Ziya\AppData\Local\Mbed Studio\mbed-studio-tools\ac6\bin\..\lib\armlib\c_w.l(bigflt0.o)
    0x08001fc4   0x0000000a   Code   RO         9783    .text               c:\Users\Ziya\AppData\Local\Mbed Studio\mbed-studio-tools\ac6\bin\..\lib\armlib\c_w.l(defsig_exit.o)
    0x08001fce   0x00000002   PAD
    0x08001fd0   0x00000030   Code   RO         9785    .text               c:\Users\Ziya\AppData\Local\Mbed Studio\mbed-studio-tools\ac6\bin\..\lib\armlib\c_w.l(defsig_abrt_inner.o)
    0x08002000   0x00000034   Code   RO         9791    .text               c:\Users\Ziya\AppData\Local\Mbed Studio\mbed-studio-tools\ac6\bin\..\lib\armlib\c_w.l(defsig_rtred_inner.o)
    0x08002034   0x00000050   Code   RO         9793    .text               c:\Users\Ziya\AppData\Local\Mbed Studio\mbed-studio-tools\ac6\bin\..\lib\armlib\c_w.l(defsig_rtmem_inner.o)
    0x08002084   0x00000032   Code   RO         9841    .text               c:\Users\Ziya\AppData\Local\Mbed Studio\mbed-studio-tools\ac6\bin\..\lib\armlib\c_w.l(defsig_general.o)
    0x080020b6   0x00000002   PAD
    0x080020b8   0x00000002   Code   RO         3025    .text.$Sub$$__cpp_initialize__aeabi_  BUILD/NUCLEO_F429ZI/ARMC6/mbed-os/platform/source/mbed_sdk_boot.o
    0x080020ba   0x00000002   PAD
    0x080020bc   0x00000032   Code   RO         2851    .text.$Sub$$__rt_lib_init  BUILD/NUCLEO_F429ZI/ARMC6/mbed-os/platform/source/mbed_retarget.o
    0x080020ee   0x00000002   PAD
    0x080020f0   0x0000005c   Code   RO         3031    .text.$Sub$$main    BUILD/NUCLEO_F429ZI/ARMC6/mbed-os/platform/source/mbed_sdk_boot.o
    0x0800214c   0x00000012   Code   RO         8370    .text.CAN1_RX0_IRQHandler  BUILD/NUCLEO_F429ZI/ARMC6/mbed-os/targets/TARGET_STM/can_api.o
    0x0800215e   0x00000002   PAD
    0x08002160   0x00000012   Code   RO         8376    .text.CAN1_SCE_IRQHandler  BUILD/NUCLEO_F429ZI/ARMC6/mbed-os/targets/TARGET_STM/can_api.o
    0x08002172   0x00000002   PAD
    0x08002174   0x00000012   Code   RO         8374    .text.CAN1_TX_IRQHandler  BUILD/NUCLEO_F429ZI/ARMC6/mbed-os/targets/TARGET_STM/can_api.o
    0x08002186   0x00000002   PAD
    0x08002188   0x00000012   Code   RO         8378    .text.CAN2_RX0_IRQHandler  BUILD/NUCLEO_F429ZI/ARMC6/mbed-os/targets/TARGET_STM/can_api.o
    0x0800219a   0x00000002   PAD
    0x0800219c   0x00000012   Code   RO         8382    .text.CAN2_SCE_IRQHandler  BUILD/NUCLEO_F429ZI/ARMC6/mbed-os/targets/TARGET_STM/can_api.o
    0x080021ae   0x00000002   PAD
    0x080021b0   0x00000012   Code   RO         8380    .text.CAN2_TX_IRQHandler  BUILD/NUCLEO_F429ZI/ARMC6/mbed-os/targets/TARGET_STM/can_api.o
    0x080021c2   0x00000002   PAD
    0x080021c4   0x0000009c   Code   RO         8488    .text.HAL_GetTick   BUILD/NUCLEO_F429ZI/ARMC6/mbed-os/targets/TARGET_STM/hal_tick_overrides.o
    0x08002260   0x00000036   Code   RO         3861    .text.HAL_Init      BUILD/NUCLEO_F429ZI/ARMC6/mbed-os/targets/TARGET_STM/TARGET_STM32F4/STM32Cube_FW/STM32F4xx_HAL_Driver/stm32f4xx_hal.o
    0x08002296   0x00000002   PAD
    0x08002298   0x0000000a   Code   RO         8486    .text.HAL_InitTick  BUILD/NUCLEO_F429ZI/ARMC6/mbed-os/targets/TARGET_STM/hal_tick_overrides.o
    0x080022a2   0x00000002   PAD
    0x080022a4   0x00000002   Code   RO         3865    .text.HAL_MspInit   BUILD/NUCLEO_F429ZI/ARMC6/mbed-os/targets/TARGET_STM/TARGET_STM32F4/STM32Cube_FW/STM32F4xx_HAL_Driver/stm32f4xx_hal.o
    0x080022a6   0x00000002   PAD
    0x080022a8   0x00000008   Code   RO         4030    .text.HAL_NVIC_SetPriorityGrouping  BUILD/NUCLEO_F429ZI/ARMC6/mbed-os/targets/TARGET_STM/TARGET_STM32F4/STM32Cube_FW/STM32F4xx_HAL_Driver/stm32f4xx_hal_cortex.o
    0x080022b0   0x0000007a   Code   RO         5550    .text.HAL_PWREx_EnableOverDrive  BUILD/NUCLEO_F429ZI/ARMC6/mbed-os/targets/TARGET_STM/TARGET_STM32F4/STM32Cube_FW/STM32F4xx_HAL_Driver/stm32f4xx_hal_pwr_ex.o
    0x0800232a   0x00000002   PAD
    0x0800232c   0x00000160   Code   RO         5569    .text.HAL_RCC_ClockConfig  BUILD/NUCLEO_F429ZI/ARMC6/mbed-os/targets/TARGET_STM/TARGET_STM32F4/STM32Cube_FW/STM32F4xx_HAL_Driver/stm32f4xx_hal_rcc.o
    0x0800248c   0x0000003e   Code   RO         5587    .text.HAL_RCC_GetClockConfig  BUILD/NUCLEO_F429ZI/ARMC6/mbed-os/targets/TARGET_STM/TARGET_STM32F4/STM32Cube_FW/STM32F4xx_HAL_Driver/stm32f4xx_hal_rcc.o
    0x080024ca   0x00000002   PAD
    0x080024cc   0x0000000c   Code   RO         5579    .text.HAL_RCC_GetHCLKFreq  BUILD/NUCLEO_F429ZI/ARMC6/mbed-os/targets/TARGET_STM/TARGET_STM32F4/STM32Cube_FW/STM32F4xx_HAL_Driver/stm32f4xx_hal_rcc.o
    0x080024d8   0x00000098   Code   RO         5585    .text.HAL_RCC_GetOscConfig  BUILD/NUCLEO_F429ZI/ARMC6/mbed-os/targets/TARGET_STM/TARGET_STM32F4/STM32Cube_FW/STM32F4xx_HAL_Driver/stm32f4xx_hal_rcc.o
    0x08002570   0x00000022   Code   RO         5581    .text.HAL_RCC_GetPCLK1Freq  BUILD/NUCLEO_F429ZI/ARMC6/mbed-os/targets/TARGET_STM/TARGET_STM32F4/STM32Cube_FW/STM32F4xx_HAL_Driver/stm32f4xx_hal_rcc.o
    0x08002592   0x00000002   PAD
    0x08002594   0x00000022   Code   RO         5583    .text.HAL_RCC_GetPCLK2Freq  BUILD/NUCLEO_F429ZI/ARMC6/mbed-os/targets/TARGET_STM/TARGET_STM32F4/STM32Cube_FW/STM32F4xx_HAL_Driver/stm32f4xx_hal_rcc.o
    0x080025b6   0x00000002   PAD
    0x080025b8   0x0000006a   Code   RO         5571    .text.HAL_RCC_GetSysClockFreq  BUILD/NUCLEO_F429ZI/ARMC6/mbed-os/targets/TARGET_STM/TARGET_STM32F4/STM32Cube_FW/STM32F4xx_HAL_Driver/stm32f4xx_hal_rcc.o
    0x08002622   0x00000002   PAD
    0x08002624   0x00000348   Code   RO         5567    .text.HAL_RCC_OscConfig  BUILD/NUCLEO_F429ZI/ARMC6/mbed-os/targets/TARGET_STM/TARGET_STM32F4/STM32Cube_FW/STM32F4xx_HAL_Driver/stm32f4xx_hal_rcc.o
    0x0800296c   0x000000ea   Code   RO         6690    .text.HAL_TIMEx_PWMN_Start  BUILD/NUCLEO_F429ZI/ARMC6/mbed-os/targets/TARGET_STM/TARGET_STM32F4/STM32Cube_FW/STM32F4xx_HAL_Driver/stm32f4xx_hal_tim_ex.o
    0x08002a56   0x00000002   PAD
    0x08002a58   0x0000005a   Code   RO         6434    .text.HAL_TIM_OC_Init  BUILD/NUCLEO_F429ZI/ARMC6/mbed-os/targets/TARGET_STM/TARGET_STM32F4/STM32Cube_FW/STM32F4xx_HAL_Driver/stm32f4xx_hal_tim.o
    0x08002ab2   0x00000002   PAD
    0x08002ab4   0x00000002   Code   RO         6436    .text.HAL_TIM_OC_MspInit  BUILD/NUCLEO_F429ZI/ARMC6/mbed-os/targets/TARGET_STM/TARGET_STM32F4/STM32Cube_FW/STM32F4xx_HAL_Driver/stm32f4xx_hal_tim.o
    0x08002ab6   0x00000002   PAD
    0x08002ab8   0x00000122   Code   RO         6442    .text.HAL_TIM_OC_Start  BUILD/NUCLEO_F429ZI/ARMC6/mbed-os/targets/TARGET_STM/TARGET_STM32F4/STM32Cube_FW/STM32F4xx_HAL_Driver/stm32f4xx_hal_tim.o
    0x08002bda   0x00000002   PAD
    0x08002bdc   0x00000096   Code   RO         6572    .text.HAL_TIM_PWM_ConfigChannel  BUILD/NUCLEO_F429ZI/ARMC6/mbed-os/targets/TARGET_STM/TARGET_STM32F4/STM32Cube_FW/STM32F4xx_HAL_Driver/stm32f4xx_hal_tim.o
    0x08002c72   0x00000002   PAD
    0x08002c74   0x0000005a   Code   RO         6460    .text.HAL_TIM_PWM_Init  BUILD/NUCLEO_F429ZI/ARMC6/mbed-os/targets/TARGET_STM/TARGET_STM32F4/STM32Cube_FW/STM32F4xx_HAL_Driver/stm32f4xx_hal_tim.o
    0x08002cce   0x00000002   PAD
    0x08002cd0   0x00000002   Code   RO         6462    .text.HAL_TIM_PWM_MspInit  BUILD/NUCLEO_F429ZI/ARMC6/mbed-os/targets/TARGET_STM/TARGET_STM32F4/STM32Cube_FW/STM32F4xx_HAL_Driver/stm32f4xx_hal_tim.o
    0x08002cd2   0x00000002   PAD
    0x08002cd4   0x00000122   Code   RO         6468    .text.HAL_TIM_PWM_Start  BUILD/NUCLEO_F429ZI/ARMC6/mbed-os/targets/TARGET_STM/TARGET_STM32F4/STM32Cube_FW/STM32F4xx_HAL_Driver/stm32f4xx_hal_tim.o
    0x08002df6   0x00000002   PAD
    0x08002df8   0x0000005e   Code   RO         6744    .text.HAL_UART_Init  BUILD/NUCLEO_F429ZI/ARMC6/mbed-os/targets/TARGET_STM/TARGET_STM32F4/STM32Cube_FW/STM32F4xx_HAL_Driver/stm32f4xx_hal_uart.o
    0x08002e56   0x00000002   PAD
    0x08002e58   0x00000002   Code   RO         6746    .text.HAL_UART_MspInit  BUILD/NUCLEO_F429ZI/ARMC6/mbed-os/targets/TARGET_STM/TARGET_STM32F4/STM32Cube_FW/STM32F4xx_HAL_Driver/stm32f4xx_hal_uart.o
    0x08002e5a   0x00000002   PAD
    0x08002e5c   0x00000016   Code   RO         8659    .text.LL_GPIO_GetPinMode  BUILD/NUCLEO_F429ZI/ARMC6/mbed-os/targets/TARGET_STM/pinmap.o
    0x08002e72   0x00000002   PAD
    0x08002e74   0x00000020   Code   RO         8663    .text.LL_GPIO_SetAFPin_0_7  BUILD/NUCLEO_F429ZI/ARMC6/mbed-os/targets/TARGET_STM/pinmap.o
    0x08002e94   0x00000022   Code   RO         8661    .text.LL_GPIO_SetAFPin_8_15  BUILD/NUCLEO_F429ZI/ARMC6/mbed-os/targets/TARGET_STM/pinmap.o
    0x08002eb6   0x00000002   PAD
    0x08002eb8   0x00000020   Code   RO         8415    .text.LL_GPIO_SetPinMode  BUILD/NUCLEO_F429ZI/ARMC6/mbed-os/targets/TARGET_STM/gpio_api.o
    0x08002ed8   0x00000020   Code   RO         8651    .text.LL_GPIO_SetPinMode  BUILD/NUCLEO_F429ZI/ARMC6/mbed-os/targets/TARGET_STM/pinmap.o
    0x08002ef8   0x0000000c   Code   RO         8653    .text.LL_GPIO_SetPinOutputType  BUILD/NUCLEO_F429ZI/ARMC6/mbed-os/targets/TARGET_STM/pinmap.o
    0x08002f04   0x00000020   Code   RO         8665    .text.LL_GPIO_SetPinPull  BUILD/NUCLEO_F429ZI/ARMC6/mbed-os/targets/TARGET_STM/pinmap.o
    0x08002f24   0x00000020   Code   RO         8647    .text.LL_GPIO_SetPinSpeed  BUILD/NUCLEO_F429ZI/ARMC6/mbed-os/targets/TARGET_STM/pinmap.o
    0x08002f44   0x0000000e   Code   RO         8708    .text.LL_TIM_CC_IsEnabledChannel  BUILD/NUCLEO_F429ZI/ARMC6/mbed-os/targets/TARGET_STM/pwmout_api.o
    0x08002f52   0x00000002   PAD
    0x08002f54   0x0000000a   Code   RO         9030    .text.LL_TIM_GenerateEvent_CC1  BUILD/NUCLEO_F429ZI/ARMC6/mbed-os/targets/TARGET_STM/us_ticker.o
    0x08002f5e   0x00000002   PAD
    0x08002f60   0x00000030   Code   RO         8002    .text.SetSysClock   BUILD/NUCLEO_F429ZI/ARMC6/mbed-os/targets/TARGET_STM/TARGET_STM32F4/TARGET_STM32F429xI/system_clock.o
    0x08002f90   0x000000be   Code   RO         8004    .text.SetSysClock_PLL_HSE  BUILD/NUCLEO_F429ZI/ARMC6/mbed-os/targets/TARGET_STM/TARGET_STM32F4/TARGET_STM32F429xI/system_clock.o
    0x0800304e   0x00000002   PAD
    0x08003050   0x0000009c   Code   RO         8006    .text.SetSysClock_PLL_HSI  BUILD/NUCLEO_F429ZI/ARMC6/mbed-os/targets/TARGET_STM/TARGET_STM32F4/TARGET_STM32F429xI/system_clock.o
    0x080030ec   0x00000224   Code   RO         8405    .text.Set_GPIO_Clock  BUILD/NUCLEO_F429ZI/ARMC6/mbed-os/targets/TARGET_STM/gpio_api.o
    0x08003310   0x0000007e   Code   RO         7963    .text.SystemCoreClockUpdate  BUILD/NUCLEO_F429ZI/ARMC6/mbed-os/targets/TARGET_STM/TARGET_STM32F4/STM32Cube_FW/system_stm32f4xx.o
    0x0800338e   0x00000002   PAD
    0x08003390   0x0000001e   Code   RO         7961    .text.SystemInit    BUILD/NUCLEO_F429ZI/ARMC6/mbed-os/targets/TARGET_STM/TARGET_STM32F4/STM32Cube_FW/system_stm32f4xx.o
    0x080033ae   0x00000002   PAD
    0x080033b0   0x00000124   Code   RO         6410    .text.TIM_Base_SetConfig  BUILD/NUCLEO_F429ZI/ARMC6/mbed-os/targets/TARGET_STM/TARGET_STM32F4/STM32Cube_FW/STM32F4xx_HAL_Driver/stm32f4xx_hal_tim.o
    0x080034d4   0x00000024   Code   RO         6444    .text.TIM_CCxChannelCmd  BUILD/NUCLEO_F429ZI/ARMC6/mbed-os/targets/TARGET_STM/TARGET_STM32F4/STM32Cube_FW/STM32F4xx_HAL_Driver/stm32f4xx_hal_tim.o
    0x080034f8   0x00000024   Code   RO         6674    .text.TIM_CCxNChannelCmd  BUILD/NUCLEO_F429ZI/ARMC6/mbed-os/targets/TARGET_STM/TARGET_STM32F4/STM32Cube_FW/STM32F4xx_HAL_Driver/stm32f4xx_hal_tim_ex.o
    0x0800351c   0x00000044   Code   RO         8696    .text.TIM_ChannelConvert_HAL2LL  BUILD/NUCLEO_F429ZI/ARMC6/mbed-os/targets/TARGET_STM/pwmout_api.o
    0x08003560   0x00000064   Code   RO         6554    .text.TIM_OC1_SetConfig  BUILD/NUCLEO_F429ZI/ARMC6/mbed-os/targets/TARGET_STM/TARGET_STM32F4/STM32Cube_FW/STM32F4xx_HAL_Driver/stm32f4xx_hal_tim.o
    0x080035c4   0x0000006a   Code   RO         6556    .text.TIM_OC2_SetConfig  BUILD/NUCLEO_F429ZI/ARMC6/mbed-os/targets/TARGET_STM/TARGET_STM32F4/STM32Cube_FW/STM32F4xx_HAL_Driver/stm32f4xx_hal_tim.o
    0x0800362e   0x00000002   PAD
    0x08003630   0x00000068   Code   RO         6558    .text.TIM_OC3_SetConfig  BUILD/NUCLEO_F429ZI/ARMC6/mbed-os/targets/TARGET_STM/TARGET_STM32F4/STM32Cube_FW/STM32F4xx_HAL_Driver/stm32f4xx_hal_tim.o
    0x08003698   0x0000004e   Code   RO         6560    .text.TIM_OC4_SetConfig  BUILD/NUCLEO_F429ZI/ARMC6/mbed-os/targets/TARGET_STM/TARGET_STM32F4/STM32Cube_FW/STM32F4xx_HAL_Driver/stm32f4xx_hal_tim.o
    0x080036e6   0x00000002   PAD
    0x080036e8   0x00000002   Code   RO         8632    .text.TargetBSP_Init  BUILD/NUCLEO_F429ZI/ARMC6/mbed-os/targets/TARGET_STM/mbed_overrides.o
    0x080036ea   0x00000002   PAD
    0x080036ec   0x000000dc   Code   RO         6748    .text.UART_SetConfig  BUILD/NUCLEO_F429ZI/ARMC6/mbed-os/targets/TARGET_STM/TARGET_STM32F4/STM32Cube_FW/STM32F4xx_HAL_Driver/stm32f4xx_hal_uart.o
    0x080037c8   0x00000010   Code   RO          148    .text._GLOBAL__sub_I_main.cpp  BUILD/NUCLEO_F429ZI/ARMC6/main.o
    0x080037d8   0x00000010   Code   RO          142    .text._Z11letterSpacev  BUILD/NUCLEO_F429ZI/ARMC6/main.o
    0x080037e8   0x00000004   Code   RO          222    .text._Z21core_util_atomic_loadIN4rtos5MutexEEPT_PKS3_  BUILD/NUCLEO_F429ZI/ARMC6/mbed-os/drivers/source/AnalogIn.o
    0x080037ec   0x00000004   Code   RO          226    .text._Z22core_util_atomic_storeIN4rtos5MutexEEvPPT_S3_  BUILD/NUCLEO_F429ZI/ARMC6/mbed-os/drivers/source/AnalogIn.o
    0x080037f0   0x0000004e   Code   RO          138    .text._Z3dotv       BUILD/NUCLEO_F429ZI/ARMC6/main.o
    0x0800383e   0x00000002   PAD
    0x08003840   0x00000052   Code   RO          140    .text._Z4dashv      BUILD/NUCLEO_F429ZI/ARMC6/main.o
    0x08003892   0x00000002   PAD
    0x08003894   0x00000014   Code   RO          134    .text._Z5oscarv     BUILD/NUCLEO_F429ZI/ARMC6/main.o
    0x080038a8   0x00000014   Code   RO          132    .text._Z6sierrav    BUILD/NUCLEO_F429ZI/ARMC6/main.o
    0x080038bc   0x00000010   Code   RO          136    .text._Z9wordSpacev  BUILD/NUCLEO_F429ZI/ARMC6/main.o
    0x080038cc   0x00000014   Code   RO           17    .text._ZL10gpio_writeP6gpio_ti  BUILD/NUCLEO_F429ZI/ARMC6/libuopmsb/EnvSensor/BMP280_SPI/BMP280_SPI.o
    0x080038e0   0x00000026   Code   RO         2793    .text._ZL11get_consolei  BUILD/NUCLEO_F429ZI/ARMC6/mbed-os/platform/source/mbed_retarget.o
    0x08003906   0x00000002   PAD
    0x08003908   0x0000000e   Code   RO         2823    .text._ZL12convert_crlfi  BUILD/NUCLEO_F429ZI/ARMC6/mbed-os/platform/source/mbed_retarget.o
    0x08003916   0x00000002   PAD
    0x08003918   0x0000004e   Code   RO         2943    .text._ZL15default_consolev  BUILD/NUCLEO_F429ZI/ARMC6/mbed-os/platform/source/mbed_retarget.o
    0x08003966   0x00000002   PAD
    0x08003968   0x0000001c   Code   RO         2815    .text._ZL18handle_open_errorsij  BUILD/NUCLEO_F429ZI/ARMC6/mbed-os/platform/source/mbed_retarget.o
    0x08003984   0x0000002a   Code   RO         2813    .text._ZL18openflags_to_posixi  BUILD/NUCLEO_F429ZI/ARMC6/mbed-os/platform/source/mbed_retarget.o
    0x080039ae   0x00000002   PAD
    0x080039b0   0x0000005a   Code   RO         2797    .text._ZL18reserve_filehandlev  BUILD/NUCLEO_F429ZI/ARMC6/mbed-os/platform/source/mbed_retarget.o
    0x08003a0a   0x00000002   PAD
    0x08003a0c   0x0000000e   Code   RO          144    .text._ZL9gpio_readP6gpio_t  BUILD/NUCLEO_F429ZI/ARMC6/main.o
    0x08003a1a   0x00000002   PAD
    0x08003a1c   0x0000001e   Code   RO         2779    .text._ZN12DirectSerial4readEPvj  BUILD/NUCLEO_F429ZI/ARMC6/mbed-os/platform/source/mbed_retarget.o
    0x08003a3a   0x00000002   PAD
    0x08003a3c   0x0000000a   Code   RO         2973    .text._ZN12DirectSerial4seekEli  BUILD/NUCLEO_F429ZI/ARMC6/mbed-os/platform/source/mbed_retarget.o
    0x08003a46   0x00000002   PAD
    0x08003a48   0x00000006   Code   RO         2979    .text._ZN12DirectSerial4sizeEv  BUILD/NUCLEO_F429ZI/ARMC6/mbed-os/platform/source/mbed_retarget.o
    0x08003a4e   0x00000002   PAD
    0x08003a50   0x00000004   Code   RO         2975    .text._ZN12DirectSerial5closeEv  BUILD/NUCLEO_F429ZI/ARMC6/mbed-os/platform/source/mbed_retarget.o
    0x08003a54   0x00000028   Code   RO         2777    .text._ZN12DirectSerial5writeEPKvj  BUILD/NUCLEO_F429ZI/ARMC6/mbed-os/platform/source/mbed_retarget.o
    0x08003a7c   0x00000004   Code   RO         2977    .text._ZN12DirectSerial6isattyEv  BUILD/NUCLEO_F429ZI/ARMC6/mbed-os/platform/source/mbed_retarget.o
    0x08003a80   0x00000044   Code   RO         2775    .text._ZN12DirectSerialC2ERK15serial_pinmap_ti  BUILD/NUCLEO_F429ZI/ARMC6/mbed-os/platform/source/mbed_retarget.o
    0x08003ac4   0x0000000c   Code   RO         2971    .text._ZN12DirectSerialD0Ev  BUILD/NUCLEO_F429ZI/ARMC6/mbed-os/platform/source/mbed_retarget.o
    0x08003ad0   0x00000008   Code   RO           34    .text._ZN4mbed10DigitalOut5writeEi  BUILD/NUCLEO_F429ZI/ARMC6/libuopmsb/EnvSensor/BMP280_SPI/BMP280_SPI.o
    0x08003ad8   0x0000001e   Code   RO           28    .text._ZN4mbed10DigitalOutC2E7PinName  BUILD/NUCLEO_F429ZI/ARMC6/libuopmsb/EnvSensor/BMP280_SPI/BMP280_SPI.o
    0x08003af6   0x00000002   PAD
    0x08003af8   0x0000000c   Code   RO           30    .text._ZN4mbed10DigitalOutaSEi  BUILD/NUCLEO_F429ZI/ARMC6/libuopmsb/EnvSensor/BMP280_SPI/BMP280_SPI.o
    0x08003b04   0x00000006   Code   RO          107    .text._ZN4mbed10FileHandle12enable_inputEb  BUILD/NUCLEO_F429ZI/ARMC6/libuopmsb/TextLCD/TextLCD.o
    0x08003b0a   0x00000002   PAD
    0x08003b0c   0x00000010   Code   RO          103    .text._ZN4mbed10FileHandle12set_blockingEb  BUILD/NUCLEO_F429ZI/ARMC6/libuopmsb/TextLCD/TextLCD.o
    0x08003b1c   0x00000006   Code   RO          109    .text._ZN4mbed10FileHandle13enable_outputEb  BUILD/NUCLEO_F429ZI/ARMC6/libuopmsb/TextLCD/TextLCD.o
    0x08003b22   0x00000002   PAD
    0x08003b24   0x00000036   Code   RO         2074    .text._ZN4mbed10FileHandle4sizeEv  BUILD/NUCLEO_F429ZI/ARMC6/mbed-os/platform/source/FileHandle.o
    0x08003b5a   0x00000002   PAD
    0x08003b5c   0x00000004   Code   RO         1433    .text._ZN4mbed10FileHandle4syncEv  BUILD/NUCLEO_F429ZI/ARMC6/mbed-os/drivers/source/UnbufferedSerial.o
    0x08003b60   0x0000000e   Code   RO          370    .text._ZN4mbed10FileHandle4tellEv  BUILD/NUCLEO_F429ZI/ARMC6/mbed-os/drivers/source/BufferedSerial.o
    0x08003b6e   0x00000002   PAD
    0x08003b70   0x00000002   Code   RO          113    .text._ZN4mbed10FileHandle5sigioENS_8CallbackIFvvEEE  BUILD/NUCLEO_F429ZI/ARMC6/libuopmsb/TextLCD/TextLCD.o
    0x08003b72   0x00000002   PAD
    0x08003b74   0x00000004   Code   RO         2086    .text._ZN4mbed10FileHandle6isattyEv  BUILD/NUCLEO_F429ZI/ARMC6/mbed-os/platform/source/FileHandle.o
    0x08003b78   0x0000000e   Code   RO          372    .text._ZN4mbed10FileHandle6rewindEv  BUILD/NUCLEO_F429ZI/ARMC6/mbed-os/drivers/source/BufferedSerial.o
    0x08003b86   0x00000002   PAD
    0x08003b88   0x00000006   Code   RO          101    .text._ZN4mbed10FileHandle8truncateEl  BUILD/NUCLEO_F429ZI/ARMC6/libuopmsb/TextLCD/TextLCD.o
    0x08003b8e   0x00000002   PAD
    0x08003b90   0x0000000e   Code   RO          338    .text._ZN4mbed10FileHandleC2Ev  BUILD/NUCLEO_F429ZI/ARMC6/mbed-os/drivers/source/BufferedSerial.o
    0x08003b9e   0x00000002   PAD
    0x08003ba0   0x00000002   Code   RO         2084    .text._ZN4mbed10FileHandleD0Ev  BUILD/NUCLEO_F429ZI/ARMC6/mbed-os/platform/source/FileHandle.o
    0x08003ba2   0x00000002   PAD
    0x08003ba4   0x00000002   Code   RO          348    .text._ZN4mbed10FileHandleD2Ev  BUILD/NUCLEO_F429ZI/ARMC6/mbed-os/drivers/source/BufferedSerial.o
    0x08003ba6   0x00000002   PAD
    0x08003ba8   0x0000002e   Code   RO         2791    .text._ZN4mbed16mbed_file_handleEi  BUILD/NUCLEO_F429ZI/ARMC6/mbed-os/platform/source/mbed_retarget.o
    0x08003bd6   0x00000002   PAD
    0x08003bd8   0x00000004   Code   RO         2789    .text._ZN4mbed21mbed_override_consoleEi  BUILD/NUCLEO_F429ZI/ARMC6/mbed-os/platform/source/mbed_retarget.o
    0x08003bdc   0x00000004   Code   RO         2787    .text._ZN4mbed28mbed_target_override_consoleEi  BUILD/NUCLEO_F429ZI/ARMC6/mbed-os/platform/source/mbed_retarget.o
    0x08003be0   0x00000002   Code   RO          841    .text._ZN4mbed4impl7MbedCRCILj79764919ELh32ELNS_7CrcModeE2EE10shift_leftEj  BUILD/NUCLEO_F429ZI/ARMC6/mbed-os/drivers/source/MbedCRC.o
    0x08003be2   0x00000002   PAD
    0x08003be4   0x00000008   Code   RO          839    .text._ZN4mbed4impl7MbedCRCILj79764919ELh32ELNS_7CrcModeE2EE11reflect_crcEj  BUILD/NUCLEO_F429ZI/ARMC6/mbed-os/drivers/source/MbedCRC.o
    0x08003bec   0x00000002   Code   RO          861    .text._ZN4mbed4impl7MbedCRCILj79764919ELh32ELNS_7CrcModeE2EE11shift_rightEj  BUILD/NUCLEO_F429ZI/ARMC6/mbed-os/drivers/source/MbedCRC.o
    0x08003bee   0x00000002   PAD
    0x08003bf0   0x00000006   Code   RO          867    .text._ZN4mbed4impl7MbedCRCILj79764919ELh32ELNS_7CrcModeE2EE12get_crc_maskEv  BUILD/NUCLEO_F429ZI/ARMC6/mbed-os/drivers/source/MbedCRC.o
    0x08003bf6   0x00000002   PAD
    0x08003bf8   0x00000008   Code   RO          849    .text._ZN4mbed4impl7MbedCRCILj79764919ELh32ELNS_7CrcModeE2EE15compute_partialEPKvjPj  BUILD/NUCLEO_F429ZI/ARMC6/mbed-os/drivers/source/MbedCRC.o
    0x08003c00   0x00000012   Code   RO          857    .text._ZN4mbed4impl7MbedCRCILj79764919ELh32ELNS_7CrcModeE2EE15do_1_bit_normalEj  BUILD/NUCLEO_F429ZI/ARMC6/mbed-os/drivers/source/MbedCRC.o
    0x08003c12   0x00000002   PAD
    0x08003c14   0x00000006   Code   RO          863    .text._ZN4mbed4impl7MbedCRCILj79764919ELh32ELNS_7CrcModeE2EE16reflect_constantEj  BUILD/NUCLEO_F429ZI/ARMC6/mbed-os/drivers/source/MbedCRC.o
    0x08003c1a   0x00000002   PAD
    0x08003c1c   0x00000012   Code   RO          855    .text._ZN4mbed4impl7MbedCRCILj79764919ELh32ELNS_7CrcModeE2EE18do_1_bit_reflectedEj  BUILD/NUCLEO_F429ZI/ARMC6/mbed-os/drivers/source/MbedCRC.o
    0x08003c2e   0x00000002   PAD
    0x08003c30   0x00000010   Code   RO          865    .text._ZN4mbed4impl7MbedCRCILj79764919ELh32ELNS_7CrcModeE2EE18get_top_polynomialEv  BUILD/NUCLEO_F429ZI/ARMC6/mbed-os/drivers/source/MbedCRC.o
    0x08003c40   0x00000010   Code   RO          837    .text._ZN4mbed4impl7MbedCRCILj79764919ELh32ELNS_7CrcModeE2EE20adjust_initial_valueEjb  BUILD/NUCLEO_F429ZI/ARMC6/mbed-os/drivers/source/MbedCRC.o
    0x08003c50   0x00000036   Code   RO          851    .text._ZN4mbed4impl7MbedCRCILj79764919ELh32ELNS_7CrcModeE2EE20compute_partial_stopEPj  BUILD/NUCLEO_F429ZI/ARMC6/mbed-os/drivers/source/MbedCRC.o
    0x08003c86   0x00000002   PAD
    0x08003c88   0x00000008   Code   RO          847    .text._ZN4mbed4impl7MbedCRCILj79764919ELh32ELNS_7CrcModeE2EE21compute_partial_startEPj  BUILD/NUCLEO_F429ZI/ARMC6/mbed-os/drivers/source/MbedCRC.o
    0x08003c90   0x00000014   Code   RO          859    .text._ZN4mbed4impl7MbedCRCILj79764919ELh32ELNS_7CrcModeE2EE24get_reflected_polynomialEv  BUILD/NUCLEO_F429ZI/ARMC6/mbed-os/drivers/source/MbedCRC.o
    0x08003ca4   0x00000034   Code   RO          845    .text._ZN4mbed4impl7MbedCRCILj79764919ELh32ELNS_7CrcModeE2EE7computeEPKvjPj  BUILD/NUCLEO_F429ZI/ARMC6/mbed-os/drivers/source/MbedCRC.o
    0x08003cd8   0x00000006   Code   RO          843    .text._ZN4mbed4impl7MbedCRCILj79764919ELh32ELNS_7CrcModeE2EE7reflectEj  BUILD/NUCLEO_F429ZI/ARMC6/mbed-os/drivers/source/MbedCRC.o
    0x08003cde   0x00000002   PAD
    0x08003ce0   0x00000022   Code   RO          835    .text._ZN4mbed4impl7MbedCRCILj79764919ELh32ELNS_7CrcModeE2EEC2Ejjbb  BUILD/NUCLEO_F429ZI/ARMC6/mbed-os/drivers/source/MbedCRC.o
    0x08003d02   0x00000002   PAD
    0x08003d04   0x00000016   Code   RO          946    .text._ZN4mbed6PwmOut15lock_deep_sleepEv  BUILD/NUCLEO_F429ZI/ARMC6/mbed-os/drivers/source/PwmOut.o
    0x08003d1a   0x00000002   PAD
    0x08003d1c   0x0000002c   Code   RO          914    .text._ZN4mbed6PwmOut4initEv  BUILD/NUCLEO_F429ZI/ARMC6/mbed-os/drivers/source/PwmOut.o
    0x08003d48   0x00000024   Code   RO          922    .text._ZN4mbed6PwmOut5writeEf  BUILD/NUCLEO_F429ZI/ARMC6/mbed-os/drivers/source/PwmOut.o
    0x08003d6c   0x00000018   Code   RO          930    .text._ZN4mbed6PwmOut9period_usEi  BUILD/NUCLEO_F429ZI/ARMC6/mbed-os/drivers/source/PwmOut.o
    0x08003d84   0x0000001c   Code   RO          912    .text._ZN4mbed6PwmOutC2E7PinName  BUILD/NUCLEO_F429ZI/ARMC6/mbed-os/drivers/source/PwmOut.o
    0x08003da0   0x00000008   Code   RO          833    .text._ZN4mbed7MbedCRCILj79764919ELh32ELNS_7CrcModeE2EE7computeEPKvjPj  BUILD/NUCLEO_F429ZI/ARMC6/mbed-os/drivers/source/MbedCRC.o
    0x08003da8   0x00000014   Code   RO          831    .text._ZN4mbed7MbedCRCILj79764919ELh32ELNS_7CrcModeE2EEC2Ejjbb  BUILD/NUCLEO_F429ZI/ARMC6/mbed-os/drivers/source/MbedCRC.o
    0x08003dbc   0x00000004   Code   RO         2050    .text._ZN4mbed8FileBase11getPathTypeEv  BUILD/NUCLEO_F429ZI/ARMC6/mbed-os/platform/source/FileBase.o
    0x08003dc0   0x000000a4   Code   RO         2056    .text._ZN4mbed8FileBase6lookupEPKcj  BUILD/NUCLEO_F429ZI/ARMC6/mbed-os/platform/source/FileBase.o
    0x08003e64   0x0000001a   Code   RO         2095    .text._ZN4mbed8FilePath10fileSystemEv  BUILD/NUCLEO_F429ZI/ARMC6/mbed-os/platform/source/FilePath.o
    0x08003e7e   0x00000002   PAD
    0x08003e80   0x00000018   Code   RO         2093    .text._ZN4mbed8FilePath12isFileSystemEv  BUILD/NUCLEO_F429ZI/ARMC6/mbed-os/platform/source/FilePath.o
    0x08003e98   0x0000001a   Code   RO         2099    .text._ZN4mbed8FilePath4fileEv  BUILD/NUCLEO_F429ZI/ARMC6/mbed-os/platform/source/FilePath.o
    0x08003eb2   0x00000002   PAD
    0x08003eb4   0x0000000a   Code   RO         2101    .text._ZN4mbed8FilePath6existsEv  BUILD/NUCLEO_F429ZI/ARMC6/mbed-os/platform/source/FilePath.o
    0x08003ebe   0x00000002   PAD
    0x08003ec0   0x00000016   Code   RO         2097    .text._ZN4mbed8FilePath6isFileEv  BUILD/NUCLEO_F429ZI/ARMC6/mbed-os/platform/source/FilePath.o
    0x08003ed6   0x00000002   PAD
    0x08003ed8   0x00000004   Code   RO         2091    .text._ZN4mbed8FilePath8fileNameEv  BUILD/NUCLEO_F429ZI/ARMC6/mbed-os/platform/source/FilePath.o
    0x08003edc   0x0000008c   Code   RO         2089    .text._ZN4mbed8FilePathC2EPKc  BUILD/NUCLEO_F429ZI/ARMC6/mbed-os/platform/source/FilePath.o
    0x08003f68   0x00000008   Code   RO          182    .text._ZN4mbed9DigitalIn4readEv  BUILD/NUCLEO_F429ZI/ARMC6/main.o
    0x08003f70   0x0000001e   Code   RO          178    .text._ZN4mbed9DigitalInC2E7PinName  BUILD/NUCLEO_F429ZI/ARMC6/main.o
    0x08003f8e   0x00000002   PAD
    0x08003f90   0x0000001e   Code   RO          180    .text._ZN4mbed9DigitalInC2E7PinName7PinMode  BUILD/NUCLEO_F429ZI/ARMC6/main.o
    0x08003fae   0x00000002   PAD
    0x08003fb0   0x00000008   Code   RO          168    .text._ZN4mbed9DigitalIncviEv  BUILD/NUCLEO_F429ZI/ARMC6/main.o
    0x08003fb8   0x00000002   Code   RO          218    .text._ZN4rtos5Mutex4lockEv  BUILD/NUCLEO_F429ZI/ARMC6/mbed-os/drivers/source/AnalogIn.o
    0x08003fba   0x00000002   PAD
    0x08003fbc   0x00000002   Code   RO          228    .text._ZN4rtos5Mutex6unlockEv  BUILD/NUCLEO_F429ZI/ARMC6/mbed-os/drivers/source/AnalogIn.o
    0x08003fbe   0x00000002   PAD
    0x08003fc0   0x00000002   Code   RO          224    .text._ZN4rtos5MutexC2Ev  BUILD/NUCLEO_F429ZI/ARMC6/mbed-os/drivers/source/AnalogIn.o
    0x08003fc2   0x00000002   PAD
    0x08003fc4   0x0000005c   Code   RO          176    .text._ZN7uop_msb6Buzzer13offsetForNoteEPKc  BUILD/NUCLEO_F429ZI/ARMC6/main.o
    0x08004020   0x00000088   Code   RO          174    .text._ZN7uop_msb6Buzzer16periodForNote_usEPKcNS0_15OCTAVE_REGISTERE  BUILD/NUCLEO_F429ZI/ARMC6/main.o
    0x080040a8   0x00000010   Code   RO          172    .text._ZN7uop_msb6Buzzer4restEv  BUILD/NUCLEO_F429ZI/ARMC6/main.o
    0x080040b8   0x00000024   Code   RO          170    .text._ZN7uop_msb6Buzzer8playToneEPKcNS0_15OCTAVE_REGISTERE  BUILD/NUCLEO_F429ZI/ARMC6/main.o
    0x080040dc   0x0000004e   Code   RO          164    .text._ZN7uop_msb6BuzzerC2E7PinName  BUILD/NUCLEO_F429ZI/ARMC6/main.o
    0x0800412a   0x00000002   PAD
    0x0800412c   0x00000042   Code   RO          166    .text._ZN7uop_msb7ButtonsC2E7PinNameS1_S1_S1_S1_  BUILD/NUCLEO_F429ZI/ARMC6/main.o
    0x0800416e   0x00000002   PAD
    0x08004170   0x0000003e   Code   RO         2781    .text._ZNK12DirectSerial4pollEs  BUILD/NUCLEO_F429ZI/ARMC6/mbed-os/platform/source/mbed_retarget.o
    0x080041ae   0x00000002   PAD
    0x080041b0   0x00000044   Code   RO         1105    .text._ZNK12SingletonPtrIN4rtos5MutexEE3getEv  BUILD/NUCLEO_F429ZI/ARMC6/mbed-os/drivers/source/SPI.o
    0x080041f4   0x00000008   Code   RO          216    .text._ZNK12SingletonPtrIN4rtos5MutexEEptEv  BUILD/NUCLEO_F429ZI/ARMC6/mbed-os/drivers/source/AnalogIn.o
    0x080041fc   0x00000004   Code   RO          105    .text._ZNK4mbed10FileHandle11is_blockingEv  BUILD/NUCLEO_F429ZI/ARMC6/libuopmsb/TextLCD/TextLCD.o
    0x08004200   0x00000004   Code   RO          111    .text._ZNK4mbed10FileHandle4pollEs  BUILD/NUCLEO_F429ZI/ARMC6/libuopmsb/TextLCD/TextLCD.o
    0x08004204   0x0000005c   Code   RO          853    .text._ZNK4mbed4impl7MbedCRCILj79764919ELh32ELNS_7CrcModeE2EE18do_compute_partialILS2_2EEENSt3__29enable_ifIXeqT_LS2_2EEiE4typeEPKhjPj  BUILD/NUCLEO_F429ZI/ARMC6/mbed-os/drivers/source/MbedCRC.o
    0x08004260   0x00000008   Code   RO         2875    .text._ZdlPv        BUILD/NUCLEO_F429ZI/ARMC6/mbed-os/platform/source/mbed_retarget.o
    0x08004268   0x00000010   Code   RO         9020    .text.__NVIC_EnableIRQ  BUILD/NUCLEO_F429ZI/ARMC6/mbed-os/targets/TARGET_STM/us_ticker.o
    0x08004278   0x00000020   Code   RO         4032    .text.__NVIC_SetPriorityGrouping  BUILD/NUCLEO_F429ZI/ARMC6/mbed-os/targets/TARGET_STM/TARGET_STM32F4/STM32Cube_FW/STM32F4xx_HAL_Driver/stm32f4xx_hal_cortex.o
    0x08004298   0x00000018   Code   RO         9018    .text.__NVIC_SetVector  BUILD/NUCLEO_F429ZI/ARMC6/mbed-os/targets/TARGET_STM/us_ticker.o
    0x080042b0   0x00000024   Code   RO         2594    .text.__NVIC_SystemReset  BUILD/NUCLEO_F429ZI/ARMC6/mbed-os/platform/source/mbed_error.o
    0x080042d4   0x0000005c   Code   RO         2917    .text.__cxa_guard_acquire  BUILD/NUCLEO_F429ZI/ARMC6/mbed-os/platform/source/mbed_retarget.o
    0x08004330   0x00000032   Code   RO         2919    .text.__cxa_guard_release  BUILD/NUCLEO_F429ZI/ARMC6/mbed-os/platform/source/mbed_retarget.o
    0x08004362   0x00000002   PAD
    0x08004364   0x00000028   Code   RO         9375    .text.__cxa_pure_virtual  c:\Users\Ziya\AppData\Local\Mbed Studio\mbed-studio-tools\ac6\bin\..\lib\libcxx\libcppabi_w.l(cxa_virtual.cpp.o)
    0x0800438c   0x00000012   Code   RO          124    .text.__cxx_global_var_init  BUILD/NUCLEO_F429ZI/ARMC6/main.o
    0x0800439e   0x00000002   PAD
    0x080043a0   0x00000012   Code   RO          126    .text.__cxx_global_var_init.1  BUILD/NUCLEO_F429ZI/ARMC6/main.o
    0x080043b2   0x00000002   PAD
    0x080043b4   0x00000026   Code   RO          128    .text.__cxx_global_var_init.2  BUILD/NUCLEO_F429ZI/ARMC6/main.o
    0x080043da   0x00000002   PAD
    0x080043dc   0x00000008   Code   RO         2853    .text.__user_setup_stackheap  BUILD/NUCLEO_F429ZI/ARMC6/mbed-os/platform/source/mbed_retarget.o
    0x080043e4   0x00000024   Code   RO         1599    .text._gpio_init_in  BUILD/NUCLEO_F429ZI/ARMC6/mbed-os/hal/source/mbed_gpio.o
    0x08004408   0x00000030   Code   RO         1605    .text._gpio_init_out  BUILD/NUCLEO_F429ZI/ARMC6/mbed-os/hal/source/mbed_gpio.o
    0x08004438   0x00000032   Code   RO         2849    .text._mbed_user_setup_stackheap  BUILD/NUCLEO_F429ZI/ARMC6/mbed-os/platform/source/mbed_retarget.o
    0x0800446a   0x00000002   PAD
    0x0800446c   0x00000008   Code   RO         3029    .text._platform_post_stackheap_init  BUILD/NUCLEO_F429ZI/ARMC6/mbed-os/platform/source/mbed_sdk_boot.o
    0x08004474   0x00000008   Code   RO         2817    .text._sys_close    BUILD/NUCLEO_F429ZI/ARMC6/mbed-os/platform/source/mbed_retarget.o
    0x0800447c   0x00000002   Code   RO         2827    .text._sys_exit     BUILD/NUCLEO_F429ZI/ARMC6/mbed-os/platform/source/mbed_retarget.o
    0x0800447e   0x00000002   PAD
    0x08004480   0x0000002a   Code   RO         2847    .text._sys_flen     BUILD/NUCLEO_F429ZI/ARMC6/mbed-os/platform/source/mbed_retarget.o
    0x080044aa   0x00000002   PAD
    0x080044ac   0x00000008   Code   RO         2835    .text._sys_istty    BUILD/NUCLEO_F429ZI/ARMC6/mbed-os/platform/source/mbed_retarget.o
    0x080044b4   0x0000006a   Code   RO         2809    .text._sys_open     BUILD/NUCLEO_F429ZI/ARMC6/mbed-os/platform/source/mbed_retarget.o
    0x0800451e   0x00000002   PAD
    0x08004520   0x0000000a   Code   RO         2837    .text._sys_seek     BUILD/NUCLEO_F429ZI/ARMC6/mbed-os/platform/source/mbed_retarget.o
    0x0800452a   0x00000002   PAD
    0x0800452c   0x00000114   Code   RO         2821    .text._sys_write    BUILD/NUCLEO_F429ZI/ARMC6/mbed-os/platform/source/mbed_retarget.o
    0x08004640   0x00000030   Code   RO         1741    .text._ticker_match_interval_passed  BUILD/NUCLEO_F429ZI/ARMC6/mbed-os/hal/source/mbed_ticker_api.o
    0x08004670   0x00000018   Code   RO         2829    .text._ttywrch      BUILD/NUCLEO_F429ZI/ARMC6/mbed-os/platform/source/mbed_retarget.o
    0x08004688   0x00000008   Code   RO         3080    .text._wait_us_inline  BUILD/NUCLEO_F429ZI/ARMC6/mbed-os/platform/source/mbed_wait_api_no_rtos.o
    0x08004690   0x00000016   Code   RO         3082    .text._wait_us_ticks  BUILD/NUCLEO_F429ZI/ARMC6/mbed-os/platform/source/mbed_wait_api_no_rtos.o
    0x080046a6   0x00000004   Code   RO         9600    .text.abort_message  c:\Users\Ziya\AppData\Local\Mbed Studio\mbed-studio-tools\ac6\bin\..\lib\libcxx\libcppabi_w.l(abort_message.cpp.o)
    0x080046aa   0x00000002   PAD
    0x080046ac   0x0000000c   Code   RO         1568    .text.are_interrupts_enabled  BUILD/NUCLEO_F429ZI/ARMC6/mbed-os/hal/source/mbed_critical_section_api.o
    0x080046b8   0x00000002   Code   RO         1797    .text.block_us_ticker_free  BUILD/NUCLEO_F429ZI/ARMC6/mbed-os/hal/source/mbed_us_ticker_api.o
    0x080046ba   0x00000002   PAD
    0x080046bc   0x0000013c   Code   RO         8372    .text.can_irq       BUILD/NUCLEO_F429ZI/ARMC6/mbed-os/targets/TARGET_STM/can_api.o
    0x080047f8   0x0000003c   Code   RO         2819    .text.close         BUILD/NUCLEO_F429ZI/ARMC6/mbed-os/platform/source/mbed_retarget.o
    0x08004834   0x0000006c   Code   RO         1781    .text.compute_tick_round_up  BUILD/NUCLEO_F429ZI/ARMC6/mbed-os/hal/source/mbed_ticker_api.o
    0x080048a0   0x0000000c   Code   RO         2529    .text.core_util_are_interrupts_enabled  BUILD/NUCLEO_F429ZI/ARMC6/mbed-os/platform/source/mbed_critical.o
    0x080048ac   0x00000010   Code   RO         2410    .text.core_util_atomic_exchange_u8  BUILD/NUCLEO_F429ZI/ARMC6/mbed-os/platform/source/mbed_atomic_impl.o
    0x080048bc   0x00000016   Code   RO         2408    .text.core_util_atomic_flag_test_and_set  BUILD/NUCLEO_F429ZI/ARMC6/mbed-os/platform/source/mbed_atomic_impl.o
    0x080048d2   0x00000002   PAD
    0x080048d4   0x00000012   Code   RO         2418    .text.core_util_atomic_incr_u16  BUILD/NUCLEO_F429ZI/ARMC6/mbed-os/platform/source/mbed_atomic_impl.o
    0x080048e6   0x00000002   PAD
    0x080048e8   0x00000088   Code   RO         2535    .text.core_util_critical_section_enter  BUILD/NUCLEO_F429ZI/ARMC6/mbed-os/platform/source/mbed_critical.o
    0x08004970   0x0000001e   Code   RO         2537    .text.core_util_critical_section_exit  BUILD/NUCLEO_F429ZI/ARMC6/mbed-os/platform/source/mbed_critical.o
    0x0800498e   0x00000002   PAD
    0x08004990   0x0000000c   Code   RO         2531    .text.core_util_is_isr_active  BUILD/NUCLEO_F429ZI/ARMC6/mbed-os/platform/source/mbed_critical.o
    0x0800499c   0x00000054   Code   RO         8808    .text.debug         BUILD/NUCLEO_F429ZI/ARMC6/mbed-os/targets/TARGET_STM/serial_api.o
    0x080049f0   0x00000064   Code   RO         2548    .text.error         BUILD/NUCLEO_F429ZI/ARMC6/mbed-os/platform/source/mbed_error.o
    0x08004a54   0x0000002e   Code   RO         2893    .text.exit          BUILD/NUCLEO_F429ZI/ARMC6/mbed-os/platform/source/mbed_retarget.o
    0x08004a82   0x00000002   PAD
    0x08004a84   0x0000002c   Code   RO         2845    .text.fsync         BUILD/NUCLEO_F429ZI/ARMC6/mbed-os/platform/source/mbed_retarget.o
    0x08004ab0   0x000000c0   Code   RO         8798    .text.get_uart_index  BUILD/NUCLEO_F429ZI/ARMC6/mbed-os/targets/TARGET_STM/serial_api.o
    0x08004b70   0x00000016   Code   RO         8413    .text.gpio_dir      BUILD/NUCLEO_F429ZI/ARMC6/mbed-os/targets/TARGET_STM/gpio_api.o
    0x08004b86   0x00000002   PAD
    0x08004b88   0x00000046   Code   RO         8409    .text.gpio_init     BUILD/NUCLEO_F429ZI/ARMC6/mbed-os/targets/TARGET_STM/gpio_api.o
    0x08004bce   0x00000002   PAD
    0x08004bd0   0x0000000a   Code   RO         1595    .text.gpio_init_in  BUILD/NUCLEO_F429ZI/ARMC6/mbed-os/hal/source/mbed_gpio.o
    0x08004bda   0x00000002   PAD
    0x08004bdc   0x00000008   Code   RO         1597    .text.gpio_init_in_ex  BUILD/NUCLEO_F429ZI/ARMC6/mbed-os/hal/source/mbed_gpio.o
    0x08004be4   0x0000000a   Code   RO         1601    .text.gpio_init_out  BUILD/NUCLEO_F429ZI/ARMC6/mbed-os/hal/source/mbed_gpio.o
    0x08004bee   0x00000002   PAD
    0x08004bf0   0x0000000c   Code   RO         1603    .text.gpio_init_out_ex  BUILD/NUCLEO_F429ZI/ARMC6/mbed-os/hal/source/mbed_gpio.o
    0x08004bfc   0x0000000c   Code   RO         8411    .text.gpio_mode     BUILD/NUCLEO_F429ZI/ARMC6/mbed-os/targets/TARGET_STM/gpio_api.o
    0x08004c08   0x00000068   Code   RO         8407    .text.gpio_set      BUILD/NUCLEO_F429ZI/ARMC6/mbed-os/targets/TARGET_STM/gpio_api.o
    0x08004c70   0x00000014   Code   RO         1593    .text.gpio_write    BUILD/NUCLEO_F429ZI/ARMC6/mbed-os/hal/source/mbed_gpio.o
    0x08004c84   0x00000014   Code   RO         2510    .text.gpio_write    BUILD/NUCLEO_F429ZI/ARMC6/mbed-os/platform/source/mbed_board.o
    0x08004c98   0x00000028   Code   RO         1566    .text.hal_critical_section_enter  BUILD/NUCLEO_F429ZI/ARMC6/mbed-os/hal/source/mbed_critical_section_api.o
    0x08004cc0   0x00000088   Code   RO         1570    .text.hal_critical_section_exit  BUILD/NUCLEO_F429ZI/ARMC6/mbed-os/hal/source/mbed_critical_section_api.o
    0x08004d48   0x000000f0   Code   RO         2550    .text.handle_error  BUILD/NUCLEO_F429ZI/ARMC6/mbed-os/platform/source/mbed_error.o
    0x08004e38   0x000000a0   Code   RO         9016    .text.init_32bit_timer  BUILD/NUCLEO_F429ZI/ARMC6/mbed-os/targets/TARGET_STM/us_ticker.o
    0x08004ed8   0x00000066   Code   RO         8800    .text.init_uart     BUILD/NUCLEO_F429ZI/ARMC6/mbed-os/targets/TARGET_STM/serial_api.o
    0x08004f3e   0x00000002   PAD
    0x08004f40   0x00000028   Code   RO         2801    .text.isatty        BUILD/NUCLEO_F429ZI/ARMC6/mbed-os/platform/source/mbed_retarget.o
    0x08004f68   0x00000032   Code   RO         2839    .text.lseek         BUILD/NUCLEO_F429ZI/ARMC6/mbed-os/platform/source/mbed_retarget.o
    0x08004f9a   0x00000002   PAD
    0x08004f9c   0x0000002a   Code   RO          130    .text.main          BUILD/NUCLEO_F429ZI/ARMC6/main.o
    0x08004fc6   0x00000002   PAD
    0x08004fc8   0x0000001a   Code   RO         2399    .text.mbed_assert_internal  BUILD/NUCLEO_F429ZI/ARMC6/mbed-os/platform/source/mbed_assert.o
    0x08004fe2   0x00000002   PAD
    0x08004fe4   0x0000002c   Code   RO         3021    .text.mbed_copy_nvic  BUILD/NUCLEO_F429ZI/ARMC6/mbed-os/platform/source/mbed_sdk_boot.o
    0x08005010   0x0000006c   Code   RO         2512    .text.mbed_die      BUILD/NUCLEO_F429ZI/ARMC6/mbed-os/platform/source/mbed_board.o
    0x0800507c   0x00000120   Code   RO         2572    .text.mbed_error    BUILD/NUCLEO_F429ZI/ARMC6/mbed-os/platform/source/mbed_error.o
    0x0800519c   0x00000002   Code   RO         2556    .text.mbed_error_hook  BUILD/NUCLEO_F429ZI/ARMC6/mbed-os/platform/source/mbed_error.o
    0x0800519e   0x00000002   PAD
    0x080051a0   0x0000006a   Code   RO         2560    .text.mbed_error_initialize  BUILD/NUCLEO_F429ZI/ARMC6/mbed-os/platform/source/mbed_error.o
    0x0800520a   0x00000002   PAD
    0x0800520c   0x00000014   Code   RO         2592    .text.mbed_error_is_hw_fault  BUILD/NUCLEO_F429ZI/ARMC6/mbed-os/platform/source/mbed_error.o
    0x08005220   0x00000020   Code   RO         2514    .text.mbed_error_printf  BUILD/NUCLEO_F429ZI/ARMC6/mbed-os/platform/source/mbed_board.o
    0x08005240   0x00000052   Code   RO         2518    .text.mbed_error_puts  BUILD/NUCLEO_F429ZI/ARMC6/mbed-os/platform/source/mbed_board.o
    0x08005292   0x00000002   PAD
    0x08005294   0x00000002   Code   RO         2558    .text.mbed_error_reboot_callback  BUILD/NUCLEO_F429ZI/ARMC6/mbed-os/platform/source/mbed_error.o
    0x08005296   0x00000002   PAD
    0x08005298   0x00000034   Code   RO         2516    .text.mbed_error_vprintf  BUILD/NUCLEO_F429ZI/ARMC6/mbed-os/platform/source/mbed_board.o
    0x080052cc   0x000000f8   Code   RO         2360    .text.mbed_fault_handler  BUILD/NUCLEO_F429ZI/ARMC6/mbed-os/platform/source/TARGET_CORTEX_M/mbed_fault_handler.o
    0x080053c4   0x00000038   Code   RO         2554    .text.mbed_halt_system  BUILD/NUCLEO_F429ZI/ARMC6/mbed-os/platform/source/mbed_error.o
    0x080053fc   0x00000020   Code   RO         3023    .text.mbed_init     BUILD/NUCLEO_F429ZI/ARMC6/mbed-os/platform/source/mbed_sdk_boot.o
    0x0800541c   0x00000002   Code   RO         3015    .text.mbed_main     BUILD/NUCLEO_F429ZI/ARMC6/mbed-os/platform/source/mbed_sdk_boot.o
    0x0800541e   0x00000002   PAD
    0x08005420   0x00000024   Code   RO         8634    .text.mbed_sdk_init  BUILD/NUCLEO_F429ZI/ARMC6/mbed-os/targets/TARGET_STM/mbed_overrides.o
    0x08005444   0x0000002c   Code   RO          816    .text.mbed_tiny_compute_crc32  BUILD/NUCLEO_F429ZI/ARMC6/mbed-os/drivers/source/MbedCRC.o
    0x08005470   0x00000008   Code   RO         3027    .text.mbed_toolchain_init  BUILD/NUCLEO_F429ZI/ARMC6/mbed-os/platform/source/mbed_sdk_boot.o
    0x08005478   0x00000096   Code   RO         2811    .text.open          BUILD/NUCLEO_F429ZI/ARMC6/mbed-os/platform/source/mbed_retarget.o
    0x0800550e   0x00000002   PAD
    0x08005510   0x000000c8   Code   RO         8645    .text.pin_function  BUILD/NUCLEO_F429ZI/ARMC6/mbed-os/targets/TARGET_STM/pinmap.o
    0x080055d8   0x0000007c   Code   RO         8657    .text.pin_mode      BUILD/NUCLEO_F429ZI/ARMC6/mbed-os/targets/TARGET_STM/pinmap.o
    0x08005654   0x00000026   Code   RO         1693    .text.pinmap_find_function  BUILD/NUCLEO_F429ZI/ARMC6/mbed-os/hal/source/mbed_pinmap_common.o
    0x0800567a   0x00000002   PAD
    0x0800567c   0x00000028   Code   RO         1689    .text.pinmap_find_peripheral  BUILD/NUCLEO_F429ZI/ARMC6/mbed-os/hal/source/mbed_pinmap_common.o
    0x080056a4   0x0000005c   Code   RO         1691    .text.pinmap_peripheral  BUILD/NUCLEO_F429ZI/ARMC6/mbed-os/hal/source/mbed_pinmap_common.o
    0x08005700   0x00000164   Code   RO         2362    .text.print_context_info  BUILD/NUCLEO_F429ZI/ARMC6/mbed-os/platform/source/TARGET_CORTEX_M/mbed_fault_handler.o
    0x08005864   0x000001ac   Code   RO         2552    .text.print_error_report  BUILD/NUCLEO_F429ZI/ARMC6/mbed-os/platform/source/mbed_error.o
    0x08005a10   0x00000036   Code   RO         8702    .text.pwmout_init   BUILD/NUCLEO_F429ZI/ARMC6/mbed-os/targets/TARGET_STM/pwmout_api.o
    0x08005a46   0x00000002   PAD
    0x08005a48   0x000002e8   Code   RO         8698    .text.pwmout_init_direct  BUILD/NUCLEO_F429ZI/ARMC6/mbed-os/targets/TARGET_STM/pwmout_api.o
    0x08005d30   0x00000148   Code   RO         8700    .text.pwmout_period_us  BUILD/NUCLEO_F429ZI/ARMC6/mbed-os/targets/TARGET_STM/pwmout_api.o
    0x08005e78   0x00000038   Code   RO         8710    .text.pwmout_read   BUILD/NUCLEO_F429ZI/ARMC6/mbed-os/targets/TARGET_STM/pwmout_api.o
    0x08005eb0   0x00000144   Code   RO         8706    .text.pwmout_write  BUILD/NUCLEO_F429ZI/ARMC6/mbed-os/targets/TARGET_STM/pwmout_api.o
    0x08005ff4   0x000000d4   Code   RO         1753    .text.schedule_interrupt  BUILD/NUCLEO_F429ZI/ARMC6/mbed-os/hal/source/mbed_ticker_api.o
    0x080060c8   0x00000018   Code   RO         8806    .text.serial_baud   BUILD/NUCLEO_F429ZI/ARMC6/mbed-os/targets/TARGET_STM/serial_api.o
    0x080060e0   0x00000042   Code   RO         8124    .text.serial_getc   BUILD/NUCLEO_F429ZI/ARMC6/mbed-os/targets/TARGET_STM/TARGET_STM32F4/serial_device.o
    0x08006122   0x00000002   PAD
    0x08006124   0x00000248   Code   RO         8796    .text.serial_init_direct  BUILD/NUCLEO_F429ZI/ARMC6/mbed-os/targets/TARGET_STM/serial_api.o
    0x0800636c   0x0000002a   Code   RO         8126    .text.serial_putc   BUILD/NUCLEO_F429ZI/ARMC6/mbed-os/targets/TARGET_STM/TARGET_STM32F4/serial_device.o
    0x08006396   0x00000002   PAD
    0x08006398   0x00000032   Code   RO         8820    .text.serial_readable  BUILD/NUCLEO_F429ZI/ARMC6/mbed-os/targets/TARGET_STM/serial_api.o
    0x080063ca   0x00000002   PAD
    0x080063cc   0x0000001a   Code   RO         8822    .text.serial_writable  BUILD/NUCLEO_F429ZI/ARMC6/mbed-os/targets/TARGET_STM/serial_api.o
    0x080063e6   0x00000002   PAD
    0x080063e8   0x00000058   Code   RO         2752    .text.sleep_manager_lock_deep_sleep_internal  BUILD/NUCLEO_F429ZI/ARMC6/mbed-os/platform/source/mbed_power_mgmt.o
    0x08006440   0x00000016   Code   RO         8655    .text.stm_pin_PullConfig  BUILD/NUCLEO_F429ZI/ARMC6/mbed-os/targets/TARGET_STM/pinmap.o
    0x08006456   0x00000002   PAD
    0x08006458   0x00000022   Code   RO         8649    .text.stm_pin_SetAFPin  BUILD/NUCLEO_F429ZI/ARMC6/mbed-os/targets/TARGET_STM/pinmap.o
    0x0800647a   0x00000002   PAD
    0x0800647c   0x00000004   Code   RO         2574    .text.system_reset  BUILD/NUCLEO_F429ZI/ARMC6/mbed-os/platform/source/mbed_error.o
    0x08006480   0x0000006a   Code   RO         1749    .text.ticker_irq_handler  BUILD/NUCLEO_F429ZI/ARMC6/mbed-os/hal/source/mbed_ticker_api.o
    0x080064ea   0x00000002   PAD
    0x080064ec   0x00000036   Code   RO         9014    .text.timer_irq_handler  BUILD/NUCLEO_F429ZI/ARMC6/mbed-os/targets/TARGET_STM/us_ticker.o
    0x08006522   0x00000002   PAD
    0x08006524   0x00000088   Code   RO         1751    .text.update_present_time  BUILD/NUCLEO_F429ZI/ARMC6/mbed-os/hal/source/mbed_ticker_api.o
    0x080065ac   0x00000012   Code   RO         9034    .text.us_ticker_clear_interrupt  BUILD/NUCLEO_F429ZI/ARMC6/mbed-os/targets/TARGET_STM/us_ticker.o
    0x080065be   0x00000002   PAD
    0x080065c0   0x00000014   Code   RO         9032    .text.us_ticker_disable_interrupt  BUILD/NUCLEO_F429ZI/ARMC6/mbed-os/targets/TARGET_STM/us_ticker.o
    0x080065d4   0x00000022   Code   RO         9028    .text.us_ticker_fire_interrupt  BUILD/NUCLEO_F429ZI/ARMC6/mbed-os/targets/TARGET_STM/us_ticker.o
    0x080065f6   0x00000002   PAD
    0x080065f8   0x0000000a   Code   RO         9012    .text.us_ticker_get_info  BUILD/NUCLEO_F429ZI/ARMC6/mbed-os/targets/TARGET_STM/us_ticker.o
    0x08006602   0x00000002   PAD
    0x08006604   0x0000001c   Code   RO         9022    .text.us_ticker_init  BUILD/NUCLEO_F429ZI/ARMC6/mbed-os/targets/TARGET_STM/us_ticker.o
    0x08006620   0x0000001e   Code   RO         1795    .text.us_ticker_irq_handler  BUILD/NUCLEO_F429ZI/ARMC6/mbed-os/hal/source/mbed_us_ticker_api.o
    0x0800663e   0x00000002   PAD
    0x08006640   0x0000000c   Code   RO         9024    .text.us_ticker_read  BUILD/NUCLEO_F429ZI/ARMC6/mbed-os/targets/TARGET_STM/us_ticker.o
    0x0800664c   0x0000001c   Code   RO         9026    .text.us_ticker_set_interrupt  BUILD/NUCLEO_F429ZI/ARMC6/mbed-os/targets/TARGET_STM/us_ticker.o
    0x08006668   0x00000032   Code   RO         2825    .text.write         BUILD/NUCLEO_F429ZI/ARMC6/mbed-os/platform/source/mbed_retarget.o
    0x0800669a   0x0000003e   Code   RO         9751    CL$$btod_d2e        c:\Users\Ziya\AppData\Local\Mbed Studio\mbed-studio-tools\ac6\bin\..\lib\armlib\c_w.l(btod.o)
    0x080066d8   0x00000046   Code   RO         9753    CL$$btod_d2e_denorm_low  c:\Users\Ziya\AppData\Local\Mbed Studio\mbed-studio-tools\ac6\bin\..\lib\armlib\c_w.l(btod.o)
    0x0800671e   0x00000060   Code   RO         9752    CL$$btod_d2e_norm_op1  c:\Users\Ziya\AppData\Local\Mbed Studio\mbed-studio-tools\ac6\bin\..\lib\armlib\c_w.l(btod.o)
    0x0800677e   0x00000002   PAD
    0x08006780   0x00000338   Code   RO         9761    CL$$btod_div_common  c:\Users\Ziya\AppData\Local\Mbed Studio\mbed-studio-tools\ac6\bin\..\lib\armlib\c_w.l(btod.o)
    0x08006ab8   0x000000dc   Code   RO         9758    CL$$btod_e2e        c:\Users\Ziya\AppData\Local\Mbed Studio\mbed-studio-tools\ac6\bin\..\lib\armlib\c_w.l(btod.o)
    0x08006b94   0x0000002a   Code   RO         9755    CL$$btod_ediv       c:\Users\Ziya\AppData\Local\Mbed Studio\mbed-studio-tools\ac6\bin\..\lib\armlib\c_w.l(btod.o)
    0x08006bbe   0x0000002a   Code   RO         9754    CL$$btod_emul       c:\Users\Ziya\AppData\Local\Mbed Studio\mbed-studio-tools\ac6\bin\..\lib\armlib\c_w.l(btod.o)
    0x08006be8   0x00000244   Code   RO         9760    CL$$btod_mult_common  c:\Users\Ziya\AppData\Local\Mbed Studio\mbed-studio-tools\ac6\bin\..\lib\armlib\c_w.l(btod.o)
    0x08006e2c   0x00000030   Code   RO         9814    i.__ARM_fpclassify  c:\Users\Ziya\AppData\Local\Mbed Studio\mbed-studio-tools\ac6\bin\..\lib\armlib\m_wm.l(fpclassify.o)
    0x08006e5c   0x0000000e   Code   RO         9207    i._is_digit         c:\Users\Ziya\AppData\Local\Mbed Studio\mbed-studio-tools\ac6\bin\..\lib\armlib\c_w.l(__printf_wp.o)
    0x08006e6a   0x0000001a   Code   RO         9239    i.fputc             c:\Users\Ziya\AppData\Local\Mbed Studio\mbed-studio-tools\ac6\bin\..\lib\armlib\c_w.l(fputc.o)
    0x08006e84   0x0000002c   Code   RO         9781    locale$$code        c:\Users\Ziya\AppData\Local\Mbed Studio\mbed-studio-tools\ac6\bin\..\lib\armlib\c_w.l(lc_numeric_c.o)
    0x08006eb0   0x0000002c   Code   RO         9837    locale$$code        c:\Users\Ziya\AppData\Local\Mbed Studio\mbed-studio-tools\ac6\bin\..\lib\armlib\c_w.l(lc_ctype_c.o)
    0x08006edc   0x00000150   Code   RO         9305    x$fpl$dadd          c:\Users\Ziya\AppData\Local\Mbed Studio\mbed-studio-tools\ac6\bin\..\lib\armlib\fz_wm.l(daddsub_clz.o)
    0x0800702c   0x000002b4   Code   RO         9312    x$fpl$ddiv          c:\Users\Ziya\AppData\Local\Mbed Studio\mbed-studio-tools\ac6\bin\..\lib\armlib\fz_wm.l(ddiv.o)
    0x080072e0   0x0000005e   Code   RO         9315    x$fpl$dfix          c:\Users\Ziya\AppData\Local\Mbed Studio\mbed-studio-tools\ac6\bin\..\lib\armlib\fz_wm.l(dfix.o)
    0x0800733e   0x00000002   PAD
    0x08007340   0x0000005a   Code   RO         9319    x$fpl$dfixu         c:\Users\Ziya\AppData\Local\Mbed Studio\mbed-studio-tools\ac6\bin\..\lib\armlib\fz_wm.l(dfixu.o)
    0x0800739a   0x00000002   PAD
    0x0800739c   0x00000154   Code   RO         9323    x$fpl$dmul          c:\Users\Ziya\AppData\Local\Mbed Studio\mbed-studio-tools\ac6\bin\..\lib\armlib\fz_wm.l(dmul.o)
    0x080074f0   0x0000009c   Code   RO         9563    x$fpl$dnaninf       c:\Users\Ziya\AppData\Local\Mbed Studio\mbed-studio-tools\ac6\bin\..\lib\armlib\fz_wm.l(dnaninf.o)
    0x0800758c   0x0000000c   Code   RO         9565    x$fpl$dretinf       c:\Users\Ziya\AppData\Local\Mbed Studio\mbed-studio-tools\ac6\bin\..\lib\armlib\fz_wm.l(dretinf.o)
    0x08007598   0x000001dc   Code   RO         9307    x$fpl$dsub          c:\Users\Ziya\AppData\Local\Mbed Studio\mbed-studio-tools\ac6\bin\..\lib\armlib\fz_wm.l(daddsub_clz.o)
    0x08007774   0x00000056   Code   RO         9325    x$fpl$f2d           c:\Users\Ziya\AppData\Local\Mbed Studio\mbed-studio-tools\ac6\bin\..\lib\armlib\fz_wm.l(f2d.o)
    0x080077ca   0x0000008c   Code   RO         9567    x$fpl$fnaninf       c:\Users\Ziya\AppData\Local\Mbed Studio\mbed-studio-tools\ac6\bin\..\lib\armlib\fz_wm.l(fnaninf.o)
    0x08007856   0x0000001a   Code   RO         9723    x$fpl$fpinit        c:\Users\Ziya\AppData\Local\Mbed Studio\mbed-studio-tools\ac6\bin\..\lib\armlib\fz_wm.l(fpinit.o)
    0x08007870   0x00000004   Code   RO         9569    x$fpl$printf1       c:\Users\Ziya\AppData\Local\Mbed Studio\mbed-studio-tools\ac6\bin\..\lib\armlib\fz_wm.l(printf1.o)
    0x08007874   0x00000004   Code   RO         9571    x$fpl$printf2       c:\Users\Ziya\AppData\Local\Mbed Studio\mbed-studio-tools\ac6\bin\..\lib\armlib\fz_wm.l(printf2.o)
    0x08007878   0x00000000   Code   RO         9579    x$fpl$usenofp       c:\Users\Ziya\AppData\Local\Mbed Studio\mbed-studio-tools\ac6\bin\..\lib\armlib\fz_wm.l(usenofp.o)
    0x08007878   0x00000028   Data   RO         9195    .constdata          c:\Users\Ziya\AppData\Local\Mbed Studio\mbed-studio-tools\ac6\bin\..\lib\armlib\c_w.l(_printf_hex_int_ll_ptr.o)
    0x080078a0   0x00000011   Data   RO         9215    .constdata          c:\Users\Ziya\AppData\Local\Mbed Studio\mbed-studio-tools\ac6\bin\..\lib\armlib\c_w.l(__printf_flags_ss_wp.o)
    0x080078b1   0x00000003   PAD
    0x080078b4   0x00000008   Data   RO         9436    .constdata          c:\Users\Ziya\AppData\Local\Mbed Studio\mbed-studio-tools\ac6\bin\..\lib\armlib\c_w.l(_printf_wctomb.o)
    0x080078bc   0x00000026   Data   RO         9642    .constdata          c:\Users\Ziya\AppData\Local\Mbed Studio\mbed-studio-tools\ac6\bin\..\lib\armlib\c_w.l(_printf_fp_hex.o)
    0x080078e2   0x00000002   PAD
    0x080078e4   0x00000094   Data   RO         9749    .constdata          c:\Users\Ziya\AppData\Local\Mbed Studio\mbed-studio-tools\ac6\bin\..\lib\armlib\c_w.l(bigflt0.o)
    0x08007978   0x00000000   Data   RO         3035    .rodata             BUILD/NUCLEO_F429ZI/ARMC6/mbed-os/platform/source/mbed_sdk_boot.o
    0x08007978   0x00000060   Data   RO          154    .rodata..Lconstinit  BUILD/NUCLEO_F429ZI/ARMC6/main.o
    0x080079d8   0x00000010   Data   RO         7966    .rodata.AHBPrescTable  BUILD/NUCLEO_F429ZI/ARMC6/mbed-os/targets/TARGET_STM/TARGET_STM32F4/STM32Cube_FW/system_stm32f4xx.o
    0x080079e8   0x00000008   Data   RO         7967    .rodata.APBPrescTable  BUILD/NUCLEO_F429ZI/ARMC6/mbed-os/targets/TARGET_STM/TARGET_STM32F4/STM32Cube_FW/system_stm32f4xx.o
    0x080079f0   0x0000033c   Data   RO         7981    .rodata.PinMap_PWM  BUILD/NUCLEO_F429ZI/ARMC6/mbed-os/targets/TARGET_STM/TARGET_STM32F4/TARGET_STM32F429xI/TARGET_NUCLEO_F429ZI/PeripheralPins.o
    0x08007d2c   0x00000050   Data   RO         2950    .rodata._ZTV12DirectSerial  BUILD/NUCLEO_F429ZI/ARMC6/mbed-os/platform/source/mbed_retarget.o
    0x08007d7c   0x00000050   Data   RO         2076    .rodata._ZTVN4mbed10FileHandleE  BUILD/NUCLEO_F429ZI/ARMC6/mbed-os/platform/source/FileHandle.o
    0x08007dcc   0x00000018   Data   RO         2960    .rodata._ZZL15default_consolevE14console_pinmap  BUILD/NUCLEO_F429ZI/ARMC6/mbed-os/platform/source/mbed_retarget.o
    0x08007de4   0x00000008   Data   RO         2947    .rodata.__stderr_name  BUILD/NUCLEO_F429ZI/ARMC6/mbed-os/platform/source/mbed_retarget.o
    0x08007dec   0x00000007   Data   RO         2945    .rodata.__stdin_name  BUILD/NUCLEO_F429ZI/ARMC6/mbed-os/platform/source/mbed_retarget.o
    0x08007df3   0x00000008   Data   RO         2946    .rodata.__stdout_name  BUILD/NUCLEO_F429ZI/ARMC6/mbed-os/platform/source/mbed_retarget.o
    0x08007dfb   0x00000001   PAD
    0x08007dfc   0x00000040   Data   RO         8667    .rodata.ll_pin_defines  BUILD/NUCLEO_F429ZI/ARMC6/mbed-os/targets/TARGET_STM/pinmap.o
    0x08007e3c   0x00000068   Data   RO         8092    .rodata.pwm_apb_map_table  BUILD/NUCLEO_F429ZI/ARMC6/mbed-os/targets/TARGET_STM/TARGET_STM32F4/pwmout_device.o
    0x08007ea4   0x00000002   Data   RO          153    .rodata.str1.1      BUILD/NUCLEO_F429ZI/ARMC6/main.o
    0x08007ea6   0x00000056   Data   RO         1053    .rodata.str1.1      BUILD/NUCLEO_F429ZI/ARMC6/mbed-os/drivers/source/SPI.o
    0x08007efc   0x000000e0   Data   RO         2366    .rodata.str1.1      BUILD/NUCLEO_F429ZI/ARMC6/mbed-os/platform/source/TARGET_CORTEX_M/mbed_fault_handler.o
    0x08007fdc   0x0000013b   Data   RO         2601    .rodata.str1.1      BUILD/NUCLEO_F429ZI/ARMC6/mbed-os/platform/source/mbed_error.o
    0x08008117   0x00000063   Data   RO         2954    .rodata.str1.1      BUILD/NUCLEO_F429ZI/ARMC6/mbed-os/platform/source/mbed_retarget.o
    0x0800817a   0x00000041   Data   RO         8728    .rodata.str1.1      BUILD/NUCLEO_F429ZI/ARMC6/mbed-os/targets/TARGET_STM/pwmout_api.o
    0x080081bb   0x0000002a   Data   RO         8835    .rodata.str1.1      BUILD/NUCLEO_F429ZI/ARMC6/mbed-os/targets/TARGET_STM/serial_api.o
    0x080081e5   0x00000003   PAD
    0x080081e8   0x00000008   Data   RO         1799    .rodata.us_data     BUILD/NUCLEO_F429ZI/ARMC6/mbed-os/hal/source/mbed_us_ticker_api.o
    0x080081f0   0x00000024   Data   RO         1801    .rodata.us_interface  BUILD/NUCLEO_F429ZI/ARMC6/mbed-os/hal/source/mbed_us_ticker_api.o
    0x08008214   0x00000008   Data   RO         9042    .rodata.us_ticker_get_info.info  BUILD/NUCLEO_F429ZI/ARMC6/mbed-os/targets/TARGET_STM/us_ticker.o
    0x0800821c   0x00000020   Data   RO         9907    Region$$Table       anon$$obj.o
    0x0800823c   0x0000001c   Data   RO         9780    locale$$data        c:\Users\Ziya\AppData\Local\Mbed Studio\mbed-studio-tools\ac6\bin\..\lib\armlib\c_w.l(lc_numeric_c.o)
    0x08008258   0x00000110   Data   RO         9836    locale$$data        c:\Users\Ziya\AppData\Local\Mbed Studio\mbed-studio-tools\ac6\bin\..\lib\armlib\c_w.l(lc_ctype_c.o)
    0x08008368   0x00000004   Data   RO          155    .init_array         BUILD/NUCLEO_F429ZI/ARMC6/main.o
    0x0800836c   0x00000000   Data   RO         9300    .init_array         c:\Users\Ziya\AppData\Local\Mbed Studio\mbed-studio-tools\ac6\bin\..\lib\armlib\c_w.l(init_aeabi.o)


    Execution Region RW_IRAM2 (Base: 0x10000000, Size: 0x00000000, Max: 0x00010000, ABSOLUTE)

    **** No section assigned to this execution region ****


    Execution Region RW_m_crash_data (Base: 0x200001b0, Size: 0x00000100, Max: 0x00000100, ABSOLUTE)

    Base Addr    Size         Type   Attr      Idx    E Section Name        Object

    0x200001b0   0x00000100   Zero   RW            1    RW_m_crash_data.bss  anon$$obj.o


    Execution Region RW_IRAM1 (Base: 0x200002b0, Size: 0x000006f0, Max: 0x0002fd50, ABSOLUTE)

    Base Addr    Size         Type   Attr      Idx    E Section Name        Object

    0x200002b0   0x00000004   Data   RW         9255    .data               c:\Users\Ziya\AppData\Local\Mbed Studio\mbed-studio-tools\ac6\bin\..\lib\armlib\c_w.l(stdio_streams.o)
    0x200002b4   0x00000004   Data   RW         9256    .data               c:\Users\Ziya\AppData\Local\Mbed Studio\mbed-studio-tools\ac6\bin\..\lib\armlib\c_w.l(stdio_streams.o)
    0x200002b8   0x00000004   Data   RW         9257    .data               c:\Users\Ziya\AppData\Local\Mbed Studio\mbed-studio-tools\ac6\bin\..\lib\armlib\c_w.l(stdio_streams.o)
    0x200002bc   0x00000004   Data   RW         7965    .data.SystemCoreClock  BUILD/NUCLEO_F429ZI/ARMC6/mbed-os/targets/TARGET_STM/TARGET_STM32F4/STM32Cube_FW/system_stm32f4xx.o
    0x200002c0   0x00000040   Data   RW         2959    .data._ZL11filehandles  BUILD/NUCLEO_F429ZI/ARMC6/mbed-os/platform/source/mbed_retarget.o
    0x20000300   0x00000004   Data   RW         1800    .data.irq_handler   BUILD/NUCLEO_F429ZI/ARMC6/mbed-os/hal/source/mbed_us_ticker_api.o
    0x20000304   0x00000004   Data   RW         3919    .data.uwTickPrio    BUILD/NUCLEO_F429ZI/ARMC6/mbed-os/targets/TARGET_STM/TARGET_STM32F4/STM32Cube_FW/STM32F4xx_HAL_Driver/stm32f4xx_hal.o
    0x20000308   0x00000004   Zero   RW         9080    .bss                c:\Users\Ziya\AppData\Local\Mbed Studio\mbed-studio-tools\ac6\bin\..\lib\armlib\c_w.l(rt_errno_addr.o)
    0x2000030c   0x00000054   Zero   RW         9252    .bss                c:\Users\Ziya\AppData\Local\Mbed Studio\mbed-studio-tools\ac6\bin\..\lib\armlib\c_w.l(stdio_streams.o)
    0x20000360   0x00000054   Zero   RW         9253    .bss                c:\Users\Ziya\AppData\Local\Mbed Studio\mbed-studio-tools\ac6\bin\..\lib\armlib\c_w.l(stdio_streams.o)
    0x200003b4   0x00000054   Zero   RW         9254    .bss                c:\Users\Ziya\AppData\Local\Mbed Studio\mbed-studio-tools\ac6\bin\..\lib\armlib\c_w.l(stdio_streams.o)
    0x20000408   0x00000004   Zero   RW         9393    .bss                c:\Users\Ziya\AppData\Local\Mbed Studio\mbed-studio-tools\ac6\bin\..\lib\armlib\c_w.l(rt_heap_descriptor.o)
    0x2000040c   0x00000014   Zero   RW         9738    .bss                c:\Users\Ziya\AppData\Local\Mbed Studio\mbed-studio-tools\ac6\bin\..\lib\armlib\c_w.l(rt_locale.o)
    0x20000420   0x00000048   Zero   RW         8729    .bss.TimHandle      BUILD/NUCLEO_F429ZI/ARMC6/mbed-os/targets/TARGET_STM/pwmout_api.o
    0x20000468   0x00000048   Zero   RW         9043    .bss.TimMasterHandle  BUILD/NUCLEO_F429ZI/ARMC6/mbed-os/targets/TARGET_STM/us_ticker.o
    0x200004b0   0x00000004   Zero   RW         2962    .bss._ZGVZL15default_consolevE7console  BUILD/NUCLEO_F429ZI/ARMC6/mbed-os/platform/source/mbed_retarget.o
    0x200004b4   0x00000010   Zero   RW         2952    .bss._ZL13stdio_in_prev  BUILD/NUCLEO_F429ZI/ARMC6/mbed-os/platform/source/mbed_retarget.o
    0x200004c4   0x00000010   Zero   RW         2953    .bss._ZL14stdio_out_prev  BUILD/NUCLEO_F429ZI/ARMC6/mbed-os/platform/source/mbed_retarget.o
    0x200004d4   0x00000008   Zero   RW         2958    .bss._ZL16filehandle_mutex  BUILD/NUCLEO_F429ZI/ARMC6/mbed-os/platform/source/mbed_retarget.o
    0x200004dc   0x00000004   Zero   RW         2062    .bss._ZN4mbed8FileBase5_headE  BUILD/NUCLEO_F429ZI/ARMC6/mbed-os/platform/source/FileBase.o
    0x200004e0   0x00000008   Zero   RW         2063    .bss._ZN4mbed8FileBase6_mutexE  BUILD/NUCLEO_F429ZI/ARMC6/mbed-os/platform/source/FileBase.o
    0x200004e8   0x00000004   Zero   RW         2064    .bss._ZN4mbed8FileBase8_defaultE  BUILD/NUCLEO_F429ZI/ARMC6/mbed-os/platform/source/FileBase.o
    0x200004ec   0x00000004   Zero   RW         2961    .bss._ZZL15default_consolevE7console  BUILD/NUCLEO_F429ZI/ARMC6/mbed-os/platform/source/mbed_retarget.o
    0x200004f0   0x0000008c   Zero   RW          152    .bss.buttons        BUILD/NUCLEO_F429ZI/ARMC6/main.o
    0x2000057c   0x00000004   PAD
    0x20000580   0x00000088   Zero   RW          151    .bss.buzz           BUILD/NUCLEO_F429ZI/ARMC6/main.o
    0x20000608   0x00000008   Zero   RW         8395    .bss.can_irq_contexts  BUILD/NUCLEO_F429ZI/ARMC6/mbed-os/targets/TARGET_STM/can_api.o
    0x20000610   0x00000001   Zero   RW         1575    .bss.critical_interrupts_enabled  BUILD/NUCLEO_F429ZI/ARMC6/mbed-os/hal/source/mbed_critical_section_api.o
    0x20000611   0x00000003   PAD
    0x20000614   0x00000004   Zero   RW         2539    .bss.critical_section_reentrancy_counter  BUILD/NUCLEO_F429ZI/ARMC6/mbed-os/platform/source/mbed_critical.o
    0x20000618   0x00000002   Zero   RW         2762    .bss.deep_sleep_lock  BUILD/NUCLEO_F429ZI/ARMC6/mbed-os/platform/source/mbed_power_mgmt.o
    0x2000061a   0x00000002   PAD
    0x2000061c   0x00000004   Zero   RW         2600    .bss.error_count    BUILD/NUCLEO_F429ZI/ARMC6/mbed-os/platform/source/mbed_error.o
    0x20000620   0x00000004   Zero   RW         2602    .bss.error_hook     BUILD/NUCLEO_F429ZI/ARMC6/mbed-os/platform/source/mbed_error.o
    0x20000624   0x00000004   PAD
    0x20000628   0x00000038   Zero   RW         1802    .bss.events         BUILD/NUCLEO_F429ZI/ARMC6/mbed-os/hal/source/mbed_us_ticker_api.o
    0x20000660   0x00000040   Zero   RW         2599    .bss.first_error_ctx  BUILD/NUCLEO_F429ZI/ARMC6/mbed-os/platform/source/mbed_error.o
    0x200006a0   0x0000001c   Zero   RW          150    .bss.greenLED       BUILD/NUCLEO_F429ZI/ARMC6/main.o
    0x200006bc   0x00000001   Zero   RW         2603    .bss.halt_in_progress  BUILD/NUCLEO_F429ZI/ARMC6/mbed-os/platform/source/mbed_error.o
    0x200006bd   0x00000003   PAD
    0x200006c0   0x00000004   Zero   RW         8394    .bss.irq_handler    BUILD/NUCLEO_F429ZI/ARMC6/mbed-os/targets/TARGET_STM/can_api.o
    0x200006c4   0x00000001   Zero   RW         2598    .bss.is_reboot_error_valid  BUILD/NUCLEO_F429ZI/ARMC6/mbed-os/platform/source/mbed_error.o
    0x200006c5   0x00000003   PAD
    0x200006c8   0x00000040   Zero   RW         2597    .bss.last_error_ctx  BUILD/NUCLEO_F429ZI/ARMC6/mbed-os/platform/source/mbed_error.o
    0x20000708   0x00000001   Zero   RW         2596    .bss.mbed_error_in_progress  BUILD/NUCLEO_F429ZI/ARMC6/mbed-os/platform/source/mbed_error.o
    0x20000709   0x00000003   PAD
    0x2000070c   0x00000004   Zero   RW         2949    .bss.mbed_heap_size  BUILD/NUCLEO_F429ZI/ARMC6/mbed-os/platform/source/mbed_retarget.o
    0x20000710   0x00000004   Zero   RW         2948    .bss.mbed_heap_start  BUILD/NUCLEO_F429ZI/ARMC6/mbed-os/platform/source/mbed_retarget.o
    0x20000714   0x00000004   Zero   RW         8636    .bss.mbed_sdk_inited  BUILD/NUCLEO_F429ZI/ARMC6/mbed-os/targets/TARGET_STM/mbed_overrides.o
    0x20000718   0x00000004   Zero   RW         3034    .bss.mbed_stack_isr_size  BUILD/NUCLEO_F429ZI/ARMC6/mbed-os/platform/source/mbed_sdk_boot.o
    0x2000071c   0x00000004   Zero   RW         3033    .bss.mbed_stack_isr_start  BUILD/NUCLEO_F429ZI/ARMC6/mbed-os/platform/source/mbed_sdk_boot.o
    0x20000720   0x00000002   Zero   RW         8495    .bss.prev_tick_remainder  BUILD/NUCLEO_F429ZI/ARMC6/mbed-os/targets/TARGET_STM/hal_tick_overrides.o
    0x20000722   0x00000002   PAD
    0x20000724   0x00000004   Zero   RW         8494    .bss.prev_time      BUILD/NUCLEO_F429ZI/ARMC6/mbed-os/targets/TARGET_STM/hal_tick_overrides.o
    0x20000728   0x00000001   Zero   RW         1574    .bss.state_saved    BUILD/NUCLEO_F429ZI/ARMC6/mbed-os/hal/source/mbed_critical_section_api.o
    0x20000729   0x00000003   PAD
    0x2000072c   0x0000004c   Zero   RW         8836    .bss.stdio_uart     BUILD/NUCLEO_F429ZI/ARMC6/mbed-os/targets/TARGET_STM/serial_api.o
    0x20000778   0x00000004   Zero   RW         8834    .bss.stdio_uart_inited  BUILD/NUCLEO_F429ZI/ARMC6/mbed-os/targets/TARGET_STM/serial_api.o
    0x2000077c   0x00000004   Zero   RW         8496    .bss.total_ticks    BUILD/NUCLEO_F429ZI/ARMC6/mbed-os/targets/TARGET_STM/hal_tick_overrides.o
    0x20000780   0x00000220   Zero   RW         8168    .bss.uart_handlers  BUILD/NUCLEO_F429ZI/ARMC6/mbed-os/targets/TARGET_STM/TARGET_STM32F4/serial_device.o


    Execution Region ARM_LIB_HEAP (Base: 0x200009a0, Size: 0x0002e660, Max: 0x0002e660, ABSOLUTE)

    Base Addr    Size         Type   Attr      Idx    E Section Name        Object

    0x200009a0   0x0002e660   Zero   RW            2    ARM_LIB_HEAP.bss    anon$$obj.o


    Execution Region ARM_LIB_STACK (Base: 0x2002f000, Size: 0x00001000, Max: 0x00001000, ABSOLUTE)

    Base Addr    Size         Type   Attr      Idx    E Section Name        Object

    0x2002f000   0x00001000   Zero   RW            3    ARM_LIB_STACK.bss   anon$$obj.o


==============================================================================

Image component sizes


      Code (inc. data)   RO Data    RW Data    ZI Data      Debug   

     17972       1364       2676         76     195808     924159   Object Totals
         0          0         32          0     194400          0   (incl. Generated)
       246          0          4          0         27          0   (incl. Padding)
     12440        698        556         12        280       9100   Library Totals
        30          0          5          0          0          0   (incl. Padding)

==============================================================================


      Code (inc. data)   RO Data    RW Data    ZI Data      Debug   

     30412       2062       3232         88     196088     927139   Grand Totals
     30412       2062       3232         88     196088     927139   ELF Image Totals
     30412       2062       3232         88          0          0   ROM Totals

==============================================================================

    Total RO  Size (Code + RO Data)                33644 (  32.86kB)
    Total RW  Size (RW Data + ZI Data)            196176 ( 191.58kB)
    Total ROM Size (Code + RO Data + RW Data)      33732 (  32.94kB)

==============================================================================

